<?xml version="1.0" encoding="UTF-8"?>
<TestRun id="6af5a974-40e0-473f-b7bc-c4e546fb2046" name="dlepelley@DLEPELLEY-VE 2013-07-16 12:10:55" runUser="dlepelley-VE\dlepelley" xmlns="http://microsoft.com/schemas/VisualStudio/TeamTest/2010">
  <TestSettings name="Local" id="be81803b-c813-48ad-959c-dcd02ef2e904">
    <Description>These are default test settings for a local test run.</Description>
    <Deployment enabled="false" runDeploymentRoot="dlepelley_DLEPELLEY-VE 2013-07-16 12_10_55">
      <DeploymentItem filename="C:\Users\dlepelley\Documents\Code\Newton Framework\Newton.Dev\bin\Release\Newton.Dev.dll" />
      <DeploymentItem filename="C:\Users\dlepelley\Documents\Code\Newton Framework\Newton.Testing\bin\Release\Newton.Testing.dll" />
      <DeploymentItem filename="C:\Users\dlepelley\Documents\Newton Framework Build\Newton.DA.dll" />
    </Deployment>
    <Execution>
      <TestTypeSpecific />
      <AgentRule name="Execution Agents">
      </AgentRule>
    </Execution>
  </TestSettings>
  <Times creation="2013-07-16T12:10:55.6940726+01:00" queuing="2013-07-16T12:10:56.0450927+01:00" start="2013-07-16T12:10:56.0920954+01:00" finish="2013-07-16T12:10:56.8861408+01:00" />
  <ResultSummary outcome="Completed">
    <Counters total="47" executed="47" passed="47" error="0" failed="0" timeout="0" aborted="0" inconclusive="0" passedButRunAborted="0" notRunnable="0" notExecuted="0" disconnected="0" warning="0" completed="0" inProgress="0" pending="0" />
  </ResultSummary>
  <TestDefinitions>
    <UnitTest name="StatisticsChebysheffRatioTest2" storage="c:\users\dlepelley\documents\code\newton framework\test.newtonframework\test.newtonframework\bin\release\test.newtonframework.dll" id="519b3c1b-8284-89ce-2bae-272f72108bd5">
      <Execution id="6f34cd90-d278-445c-9732-4d7034f52f2b" />
      <TestMethod codeBase="C:/Users/dlepelley/Documents/Code/Newton Framework/Test.NewtonFramework/Test.NewtonFramework/bin/Release/Test.NewtonFramework.DLL" adapterTypeName="Microsoft.VisualStudio.TestTools.TestTypes.Unit.UnitTestAdapter, Microsoft.VisualStudio.QualityTools.Tips.UnitTest.Adapter, Version=10.0.0.0, Culture=neutral, PublicKeyToken=b03f5f7f11d50a3a" className="Test.NewtonFramework.StatisticsTest, Test.NewtonFramework, Version=1.0.0.0, Culture=neutral, PublicKeyToken=null" name="StatisticsChebysheffRatioTest2" />
    </UnitTest>
    <UnitTest name="StatisticsUpperQuartileTest2" storage="c:\users\dlepelley\documents\code\newton framework\test.newtonframework\test.newtonframework\bin\release\test.newtonframework.dll" id="5b9a0eb2-2d9b-c339-0dfa-9c6620c11d9a">
      <Execution id="4f97b6b4-143e-4ebd-9b90-75fa073d254b" />
      <TestMethod codeBase="C:/Users/dlepelley/Documents/Code/Newton Framework/Test.NewtonFramework/Test.NewtonFramework/bin/Release/Test.NewtonFramework.DLL" adapterTypeName="Microsoft.VisualStudio.TestTools.TestTypes.Unit.UnitTestAdapter, Microsoft.VisualStudio.QualityTools.Tips.UnitTest.Adapter, Version=10.0.0.0, Culture=neutral, PublicKeyToken=b03f5f7f11d50a3a" className="Test.NewtonFramework.StatisticsTest, Test.NewtonFramework, Version=1.0.0.0, Culture=neutral, PublicKeyToken=null" name="StatisticsUpperQuartileTest2" />
    </UnitTest>
    <UnitTest name="StatisticsBiNomialTest1" storage="c:\users\dlepelley\documents\code\newton framework\test.newtonframework\test.newtonframework\bin\release\test.newtonframework.dll" id="aa2d1779-bcda-f75a-8d16-bdf94d08d579">
      <Execution id="10222cdc-6247-4dc1-9b58-c072f0726709" />
      <TestMethod codeBase="C:/Users/dlepelley/Documents/Code/Newton Framework/Test.NewtonFramework/Test.NewtonFramework/bin/Release/Test.NewtonFramework.DLL" adapterTypeName="Microsoft.VisualStudio.TestTools.TestTypes.Unit.UnitTestAdapter, Microsoft.VisualStudio.QualityTools.Tips.UnitTest.Adapter, Version=10.0.0.0, Culture=neutral, PublicKeyToken=b03f5f7f11d50a3a" className="Test.NewtonFramework.StatisticsTest, Test.NewtonFramework, Version=1.0.0.0, Culture=neutral, PublicKeyToken=null" name="StatisticsBiNomialTest1" />
    </UnitTest>
    <UnitTest name="StatisticsUpperControl3SigmaTest1" storage="c:\users\dlepelley\documents\code\newton framework\test.newtonframework\test.newtonframework\bin\release\test.newtonframework.dll" id="5c310277-b3dc-735a-aa6d-7b768f6ee3d4">
      <Execution id="f3d4db9f-7f5f-47c5-9b36-24b4770325ee" />
      <TestMethod codeBase="C:/Users/dlepelley/Documents/Code/Newton Framework/Test.NewtonFramework/Test.NewtonFramework/bin/Release/Test.NewtonFramework.DLL" adapterTypeName="Microsoft.VisualStudio.TestTools.TestTypes.Unit.UnitTestAdapter, Microsoft.VisualStudio.QualityTools.Tips.UnitTest.Adapter, Version=10.0.0.0, Culture=neutral, PublicKeyToken=b03f5f7f11d50a3a" className="Test.NewtonFramework.StatisticsTest, Test.NewtonFramework, Version=1.0.0.0, Culture=neutral, PublicKeyToken=null" name="StatisticsUpperControl3SigmaTest1" />
    </UnitTest>
    <UnitTest name="StatisticsMeanTest1" storage="c:\users\dlepelley\documents\code\newton framework\test.newtonframework\test.newtonframework\bin\release\test.newtonframework.dll" id="7dc5aa2a-f587-b4b0-b5dd-0232934ab41a">
      <Execution id="3b12c564-e808-40cf-b394-a91aaaf7fbb0" />
      <TestMethod codeBase="C:/Users/dlepelley/Documents/Code/Newton Framework/Test.NewtonFramework/Test.NewtonFramework/bin/Release/Test.NewtonFramework.DLL" adapterTypeName="Microsoft.VisualStudio.TestTools.TestTypes.Unit.UnitTestAdapter, Microsoft.VisualStudio.QualityTools.Tips.UnitTest.Adapter, Version=10.0.0.0, Culture=neutral, PublicKeyToken=b03f5f7f11d50a3a" className="Test.NewtonFramework.StatisticsTest, Test.NewtonFramework, Version=1.0.0.0, Culture=neutral, PublicKeyToken=null" name="StatisticsMeanTest1" />
    </UnitTest>
    <UnitTest name="StatisticsNormalDistributionTest1" storage="c:\users\dlepelley\documents\code\newton framework\test.newtonframework\test.newtonframework\bin\release\test.newtonframework.dll" id="926fca82-ec44-de40-9e03-39b909fa2370">
      <Execution id="754e6667-a3f1-43a5-9b1f-086d5a8ed6c3" />
      <TestMethod codeBase="C:/Users/dlepelley/Documents/Code/Newton Framework/Test.NewtonFramework/Test.NewtonFramework/bin/Release/Test.NewtonFramework.DLL" adapterTypeName="Microsoft.VisualStudio.TestTools.TestTypes.Unit.UnitTestAdapter, Microsoft.VisualStudio.QualityTools.Tips.UnitTest.Adapter, Version=10.0.0.0, Culture=neutral, PublicKeyToken=b03f5f7f11d50a3a" className="Test.NewtonFramework.StatisticsTest, Test.NewtonFramework, Version=1.0.0.0, Culture=neutral, PublicKeyToken=null" name="StatisticsNormalDistributionTest1" />
    </UnitTest>
    <UnitTest name="StatisticsLowerQuartileTest1" storage="c:\users\dlepelley\documents\code\newton framework\test.newtonframework\test.newtonframework\bin\release\test.newtonframework.dll" id="ff56e7ed-42a7-219f-3d04-58682c94e982">
      <Execution id="84551485-d622-43ae-a65d-0208f1697e78" />
      <TestMethod codeBase="C:/Users/dlepelley/Documents/Code/Newton Framework/Test.NewtonFramework/Test.NewtonFramework/bin/Release/Test.NewtonFramework.DLL" adapterTypeName="Microsoft.VisualStudio.TestTools.TestTypes.Unit.UnitTestAdapter, Microsoft.VisualStudio.QualityTools.Tips.UnitTest.Adapter, Version=10.0.0.0, Culture=neutral, PublicKeyToken=b03f5f7f11d50a3a" className="Test.NewtonFramework.StatisticsTest, Test.NewtonFramework, Version=1.0.0.0, Culture=neutral, PublicKeyToken=null" name="StatisticsLowerQuartileTest1" />
    </UnitTest>
    <UnitTest name="StatisticsChebysheffRatioTest3" storage="c:\users\dlepelley\documents\code\newton framework\test.newtonframework\test.newtonframework\bin\release\test.newtonframework.dll" id="f040dc20-d1ab-e501-0cdd-c49be3f67d73">
      <Execution id="b7fa6008-91be-4ee2-96c9-06db09017b70" />
      <TestMethod codeBase="C:/Users/dlepelley/Documents/Code/Newton Framework/Test.NewtonFramework/Test.NewtonFramework/bin/Release/Test.NewtonFramework.DLL" adapterTypeName="Microsoft.VisualStudio.TestTools.TestTypes.Unit.UnitTestAdapter, Microsoft.VisualStudio.QualityTools.Tips.UnitTest.Adapter, Version=10.0.0.0, Culture=neutral, PublicKeyToken=b03f5f7f11d50a3a" className="Test.NewtonFramework.StatisticsTest, Test.NewtonFramework, Version=1.0.0.0, Culture=neutral, PublicKeyToken=null" name="StatisticsChebysheffRatioTest3" />
    </UnitTest>
    <UnitTest name="StatisticsOutcomeTest1" storage="c:\users\dlepelley\documents\code\newton framework\test.newtonframework\test.newtonframework\bin\release\test.newtonframework.dll" id="82e1e8c4-8981-5c13-5b87-22183332d326">
      <Execution id="98a74056-359f-45c1-8112-8ac1e942e8c3" />
      <TestMethod codeBase="C:/Users/dlepelley/Documents/Code/Newton Framework/Test.NewtonFramework/Test.NewtonFramework/bin/Release/Test.NewtonFramework.DLL" adapterTypeName="Microsoft.VisualStudio.TestTools.TestTypes.Unit.UnitTestAdapter, Microsoft.VisualStudio.QualityTools.Tips.UnitTest.Adapter, Version=10.0.0.0, Culture=neutral, PublicKeyToken=b03f5f7f11d50a3a" className="Test.NewtonFramework.StatisticsTest, Test.NewtonFramework, Version=1.0.0.0, Culture=neutral, PublicKeyToken=null" name="StatisticsOutcomeTest1" />
    </UnitTest>
    <UnitTest name="StatisticsExponentialDistributionTest1" storage="c:\users\dlepelley\documents\code\newton framework\test.newtonframework\test.newtonframework\bin\release\test.newtonframework.dll" id="f5e3a2cc-0da9-a31a-3515-29c4ae3fc0ea">
      <Execution id="9aada8a5-40cd-43d2-ab8d-999fd639ce64" />
      <TestMethod codeBase="C:/Users/dlepelley/Documents/Code/Newton Framework/Test.NewtonFramework/Test.NewtonFramework/bin/Release/Test.NewtonFramework.DLL" adapterTypeName="Microsoft.VisualStudio.TestTools.TestTypes.Unit.UnitTestAdapter, Microsoft.VisualStudio.QualityTools.Tips.UnitTest.Adapter, Version=10.0.0.0, Culture=neutral, PublicKeyToken=b03f5f7f11d50a3a" className="Test.NewtonFramework.StatisticsTest, Test.NewtonFramework, Version=1.0.0.0, Culture=neutral, PublicKeyToken=null" name="StatisticsExponentialDistributionTest1" />
    </UnitTest>
    <UnitTest name="StatisticsSummaryTest1" storage="c:\users\dlepelley\documents\code\newton framework\test.newtonframework\test.newtonframework\bin\release\test.newtonframework.dll" id="d3497b38-7973-13ae-70b4-7fb61cf6c2c3">
      <Execution id="af248988-f3b4-4199-acf0-9fa97948e110" />
      <TestMethod codeBase="C:/Users/dlepelley/Documents/Code/Newton Framework/Test.NewtonFramework/Test.NewtonFramework/bin/Release/Test.NewtonFramework.DLL" adapterTypeName="Microsoft.VisualStudio.TestTools.TestTypes.Unit.UnitTestAdapter, Microsoft.VisualStudio.QualityTools.Tips.UnitTest.Adapter, Version=10.0.0.0, Culture=neutral, PublicKeyToken=b03f5f7f11d50a3a" className="Test.NewtonFramework.StatisticsTest, Test.NewtonFramework, Version=1.0.0.0, Culture=neutral, PublicKeyToken=null" name="StatisticsSummaryTest1" />
    </UnitTest>
    <UnitTest name="StatisticsBiNomialTest2" storage="c:\users\dlepelley\documents\code\newton framework\test.newtonframework\test.newtonframework\bin\release\test.newtonframework.dll" id="5d62fbc6-ccf7-3ab9-81af-9267fe431730">
      <Execution id="4d103222-a902-4ee8-baeb-4c2d357538d2" />
      <TestMethod codeBase="C:/Users/dlepelley/Documents/Code/Newton Framework/Test.NewtonFramework/Test.NewtonFramework/bin/Release/Test.NewtonFramework.DLL" adapterTypeName="Microsoft.VisualStudio.TestTools.TestTypes.Unit.UnitTestAdapter, Microsoft.VisualStudio.QualityTools.Tips.UnitTest.Adapter, Version=10.0.0.0, Culture=neutral, PublicKeyToken=b03f5f7f11d50a3a" className="Test.NewtonFramework.StatisticsTest, Test.NewtonFramework, Version=1.0.0.0, Culture=neutral, PublicKeyToken=null" name="StatisticsBiNomialTest2" />
    </UnitTest>
    <UnitTest name="StatisticsBiNomialTest3" storage="c:\users\dlepelley\documents\code\newton framework\test.newtonframework\test.newtonframework\bin\release\test.newtonframework.dll" id="3f466c80-e5c6-b559-cae0-d7580d9b5f8b">
      <Execution id="22a604ac-86ea-44e0-b193-b367471775b1" />
      <TestMethod codeBase="C:/Users/dlepelley/Documents/Code/Newton Framework/Test.NewtonFramework/Test.NewtonFramework/bin/Release/Test.NewtonFramework.DLL" adapterTypeName="Microsoft.VisualStudio.TestTools.TestTypes.Unit.UnitTestAdapter, Microsoft.VisualStudio.QualityTools.Tips.UnitTest.Adapter, Version=10.0.0.0, Culture=neutral, PublicKeyToken=b03f5f7f11d50a3a" className="Test.NewtonFramework.StatisticsTest, Test.NewtonFramework, Version=1.0.0.0, Culture=neutral, PublicKeyToken=null" name="StatisticsBiNomialTest3" />
    </UnitTest>
    <UnitTest name="StatisticsMedianTest1" storage="c:\users\dlepelley\documents\code\newton framework\test.newtonframework\test.newtonframework\bin\release\test.newtonframework.dll" id="b3e776b3-4958-6637-5ade-9799124b5d3f">
      <Execution id="760d3a34-dbdc-4945-9055-c548fdf72bff" />
      <TestMethod codeBase="C:/Users/dlepelley/Documents/Code/Newton Framework/Test.NewtonFramework/Test.NewtonFramework/bin/Release/Test.NewtonFramework.DLL" adapterTypeName="Microsoft.VisualStudio.TestTools.TestTypes.Unit.UnitTestAdapter, Microsoft.VisualStudio.QualityTools.Tips.UnitTest.Adapter, Version=10.0.0.0, Culture=neutral, PublicKeyToken=b03f5f7f11d50a3a" className="Test.NewtonFramework.StatisticsTest, Test.NewtonFramework, Version=1.0.0.0, Culture=neutral, PublicKeyToken=null" name="StatisticsMedianTest1" />
    </UnitTest>
    <UnitTest name="MockRepositoryTest2" storage="c:\users\dlepelley\documents\code\newton framework\test.newtonframework\test.newtonframework\bin\release\test.newtonframework.dll" id="e55ca91a-0935-016d-7e90-50c5811bc777">
      <Execution id="818fe221-b396-40cd-ac27-9ef1695d654b" />
      <TestMethod codeBase="C:/Users/dlepelley/Documents/Code/Newton Framework/Test.NewtonFramework/Test.NewtonFramework/bin/Release/Test.NewtonFramework.DLL" adapterTypeName="Microsoft.VisualStudio.TestTools.TestTypes.Unit.UnitTestAdapter, Microsoft.VisualStudio.QualityTools.Tips.UnitTest.Adapter, Version=10.0.0.0, Culture=neutral, PublicKeyToken=b03f5f7f11d50a3a" className="Test.NewtonFramework.MockRepositoryTest, Test.NewtonFramework, Version=1.0.0.0, Culture=neutral, PublicKeyToken=null" name="MockRepositoryTest2" />
    </UnitTest>
    <UnitTest name="StatisticsOutcomeTest2" storage="c:\users\dlepelley\documents\code\newton framework\test.newtonframework\test.newtonframework\bin\release\test.newtonframework.dll" id="7b0ed38c-e427-af57-36bf-200cfbdc69a6">
      <Execution id="838c630a-e3ba-486e-81f6-d2a8be7150f5" />
      <TestMethod codeBase="C:/Users/dlepelley/Documents/Code/Newton Framework/Test.NewtonFramework/Test.NewtonFramework/bin/Release/Test.NewtonFramework.DLL" adapterTypeName="Microsoft.VisualStudio.TestTools.TestTypes.Unit.UnitTestAdapter, Microsoft.VisualStudio.QualityTools.Tips.UnitTest.Adapter, Version=10.0.0.0, Culture=neutral, PublicKeyToken=b03f5f7f11d50a3a" className="Test.NewtonFramework.StatisticsTest, Test.NewtonFramework, Version=1.0.0.0, Culture=neutral, PublicKeyToken=null" name="StatisticsOutcomeTest2" />
    </UnitTest>
    <UnitTest name="StatisticsLowerQuartileTest2" storage="c:\users\dlepelley\documents\code\newton framework\test.newtonframework\test.newtonframework\bin\release\test.newtonframework.dll" id="99e87fb8-14a5-bdd8-804f-d36f07d49ff7">
      <Execution id="8e4798b9-70f9-40c8-b892-41eaf0572d69" />
      <TestMethod codeBase="C:/Users/dlepelley/Documents/Code/Newton Framework/Test.NewtonFramework/Test.NewtonFramework/bin/Release/Test.NewtonFramework.DLL" adapterTypeName="Microsoft.VisualStudio.TestTools.TestTypes.Unit.UnitTestAdapter, Microsoft.VisualStudio.QualityTools.Tips.UnitTest.Adapter, Version=10.0.0.0, Culture=neutral, PublicKeyToken=b03f5f7f11d50a3a" className="Test.NewtonFramework.StatisticsTest, Test.NewtonFramework, Version=1.0.0.0, Culture=neutral, PublicKeyToken=null" name="StatisticsLowerQuartileTest2" />
    </UnitTest>
    <UnitTest name="MortTest1" storage="c:\users\dlepelley\documents\code\newton framework\test.newtonframework\test.newtonframework\bin\release\test.newtonframework.dll" id="6abc2210-ddd4-034b-b2ff-4ecc00cadd20">
      <Execution id="b0ab1402-4933-45cf-a597-020b2106b546" />
      <TestMethod codeBase="C:/Users/dlepelley/Documents/Code/Newton Framework/Test.NewtonFramework/Test.NewtonFramework/bin/Release/Test.NewtonFramework.DLL" adapterTypeName="Microsoft.VisualStudio.TestTools.TestTypes.Unit.UnitTestAdapter, Microsoft.VisualStudio.QualityTools.Tips.UnitTest.Adapter, Version=10.0.0.0, Culture=neutral, PublicKeyToken=b03f5f7f11d50a3a" className="Test.NewtonFramework.StatisticsTest, Test.NewtonFramework, Version=1.0.0.0, Culture=neutral, PublicKeyToken=null" name="MortTest1" />
    </UnitTest>
    <UnitTest name="StatisticsMedianTest2" storage="c:\users\dlepelley\documents\code\newton framework\test.newtonframework\test.newtonframework\bin\release\test.newtonframework.dll" id="2cfe729b-358c-9bca-8ad2-bfc8aa33f6c3">
      <Execution id="ad5495e1-eddb-431c-a3aa-aaab787913cf" />
      <TestMethod codeBase="C:/Users/dlepelley/Documents/Code/Newton Framework/Test.NewtonFramework/Test.NewtonFramework/bin/Release/Test.NewtonFramework.DLL" adapterTypeName="Microsoft.VisualStudio.TestTools.TestTypes.Unit.UnitTestAdapter, Microsoft.VisualStudio.QualityTools.Tips.UnitTest.Adapter, Version=10.0.0.0, Culture=neutral, PublicKeyToken=b03f5f7f11d50a3a" className="Test.NewtonFramework.StatisticsTest, Test.NewtonFramework, Version=1.0.0.0, Culture=neutral, PublicKeyToken=null" name="StatisticsMedianTest2" />
    </UnitTest>
    <UnitTest name="StatisticsEstimateStandardErrorTest1" storage="c:\users\dlepelley\documents\code\newton framework\test.newtonframework\test.newtonframework\bin\release\test.newtonframework.dll" id="01588bce-19c0-0e14-e55b-6a9dd8607ed4">
      <Execution id="abdd2125-7329-48b5-880a-0df2f1ee303e" />
      <TestMethod codeBase="C:/Users/dlepelley/Documents/Code/Newton Framework/Test.NewtonFramework/Test.NewtonFramework/bin/Release/Test.NewtonFramework.DLL" adapterTypeName="Microsoft.VisualStudio.TestTools.TestTypes.Unit.UnitTestAdapter, Microsoft.VisualStudio.QualityTools.Tips.UnitTest.Adapter, Version=10.0.0.0, Culture=neutral, PublicKeyToken=b03f5f7f11d50a3a" className="Test.NewtonFramework.StatisticsTest, Test.NewtonFramework, Version=1.0.0.0, Culture=neutral, PublicKeyToken=null" name="StatisticsEstimateStandardErrorTest1" />
    </UnitTest>
    <UnitTest name="MockRepositoryTest1" storage="c:\users\dlepelley\documents\code\newton framework\test.newtonframework\test.newtonframework\bin\release\test.newtonframework.dll" id="3a9a2ce8-1433-7d7d-25b4-39d859d81dab">
      <Execution id="ca91350e-e2b6-42cd-9b60-293273e5fd51" />
      <TestMethod codeBase="C:/Users/dlepelley/Documents/Code/Newton Framework/Test.NewtonFramework/Test.NewtonFramework/bin/Release/Test.NewtonFramework.DLL" adapterTypeName="Microsoft.VisualStudio.TestTools.TestTypes.Unit.UnitTestAdapter, Microsoft.VisualStudio.QualityTools.Tips.UnitTest.Adapter, Version=10.0.0.0, Culture=neutral, PublicKeyToken=b03f5f7f11d50a3a" className="Test.NewtonFramework.MockRepositoryTest, Test.NewtonFramework, Version=1.0.0.0, Culture=neutral, PublicKeyToken=null" name="MockRepositoryTest1" />
    </UnitTest>
    <UnitTest name="StatisticsPercentileTest2" storage="c:\users\dlepelley\documents\code\newton framework\test.newtonframework\test.newtonframework\bin\release\test.newtonframework.dll" id="67cfafae-6c55-2c46-5a76-f8ba73b5c9b7">
      <Execution id="7a97f2fd-91ea-46a7-bf75-80099691664f" />
      <TestMethod codeBase="C:/Users/dlepelley/Documents/Code/Newton Framework/Test.NewtonFramework/Test.NewtonFramework/bin/Release/Test.NewtonFramework.DLL" adapterTypeName="Microsoft.VisualStudio.TestTools.TestTypes.Unit.UnitTestAdapter, Microsoft.VisualStudio.QualityTools.Tips.UnitTest.Adapter, Version=10.0.0.0, Culture=neutral, PublicKeyToken=b03f5f7f11d50a3a" className="Test.NewtonFramework.StatisticsTest, Test.NewtonFramework, Version=1.0.0.0, Culture=neutral, PublicKeyToken=null" name="StatisticsPercentileTest2" />
    </UnitTest>
    <UnitTest name="StatisticsPercentileTrimTest1" storage="c:\users\dlepelley\documents\code\newton framework\test.newtonframework\test.newtonframework\bin\release\test.newtonframework.dll" id="dd897b1a-7a9b-5849-581c-9af754aedd88">
      <Execution id="207915a7-0c1b-4617-ae53-66933a12d067" />
      <TestMethod codeBase="C:/Users/dlepelley/Documents/Code/Newton Framework/Test.NewtonFramework/Test.NewtonFramework/bin/Release/Test.NewtonFramework.DLL" adapterTypeName="Microsoft.VisualStudio.TestTools.TestTypes.Unit.UnitTestAdapter, Microsoft.VisualStudio.QualityTools.Tips.UnitTest.Adapter, Version=10.0.0.0, Culture=neutral, PublicKeyToken=b03f5f7f11d50a3a" className="Test.NewtonFramework.StatisticsTest, Test.NewtonFramework, Version=1.0.0.0, Culture=neutral, PublicKeyToken=null" name="StatisticsPercentileTrimTest1" />
    </UnitTest>
    <UnitTest name="StatisticsVarianceTest1" storage="c:\users\dlepelley\documents\code\newton framework\test.newtonframework\test.newtonframework\bin\release\test.newtonframework.dll" id="7a1e47ca-ef09-abc7-6ab4-44a5f53dde98">
      <Execution id="805be79a-9d85-4ce6-82df-1b37ac3fc70e" />
      <TestMethod codeBase="C:/Users/dlepelley/Documents/Code/Newton Framework/Test.NewtonFramework/Test.NewtonFramework/bin/Release/Test.NewtonFramework.DLL" adapterTypeName="Microsoft.VisualStudio.TestTools.TestTypes.Unit.UnitTestAdapter, Microsoft.VisualStudio.QualityTools.Tips.UnitTest.Adapter, Version=10.0.0.0, Culture=neutral, PublicKeyToken=b03f5f7f11d50a3a" className="Test.NewtonFramework.StatisticsTest, Test.NewtonFramework, Version=1.0.0.0, Culture=neutral, PublicKeyToken=null" name="StatisticsVarianceTest1" />
    </UnitTest>
    <UnitTest name="StatisticsPoissonProbabilityTest2" storage="c:\users\dlepelley\documents\code\newton framework\test.newtonframework\test.newtonframework\bin\release\test.newtonframework.dll" id="9dab9a8a-c40e-6be4-1b38-db0c5db5f22d">
      <Execution id="c26b43ef-cd5d-462f-a374-7c394161e706" />
      <TestMethod codeBase="C:/Users/dlepelley/Documents/Code/Newton Framework/Test.NewtonFramework/Test.NewtonFramework/bin/Release/Test.NewtonFramework.DLL" adapterTypeName="Microsoft.VisualStudio.TestTools.TestTypes.Unit.UnitTestAdapter, Microsoft.VisualStudio.QualityTools.Tips.UnitTest.Adapter, Version=10.0.0.0, Culture=neutral, PublicKeyToken=b03f5f7f11d50a3a" className="Test.NewtonFramework.StatisticsTest, Test.NewtonFramework, Version=1.0.0.0, Culture=neutral, PublicKeyToken=null" name="StatisticsPoissonProbabilityTest2" />
    </UnitTest>
    <UnitTest name="StatisticsPoissonProbabilityTest1" storage="c:\users\dlepelley\documents\code\newton framework\test.newtonframework\test.newtonframework\bin\release\test.newtonframework.dll" id="cc749050-4588-f92d-8f56-a21b35c23f35">
      <Execution id="94d23a79-da64-46e5-b1de-342f9cb032bb" />
      <TestMethod codeBase="C:/Users/dlepelley/Documents/Code/Newton Framework/Test.NewtonFramework/Test.NewtonFramework/bin/Release/Test.NewtonFramework.DLL" adapterTypeName="Microsoft.VisualStudio.TestTools.TestTypes.Unit.UnitTestAdapter, Microsoft.VisualStudio.QualityTools.Tips.UnitTest.Adapter, Version=10.0.0.0, Culture=neutral, PublicKeyToken=b03f5f7f11d50a3a" className="Test.NewtonFramework.StatisticsTest, Test.NewtonFramework, Version=1.0.0.0, Culture=neutral, PublicKeyToken=null" name="StatisticsPoissonProbabilityTest1" />
    </UnitTest>
    <UnitTest name="StatisticsVarianceTest2" storage="c:\users\dlepelley\documents\code\newton framework\test.newtonframework\test.newtonframework\bin\release\test.newtonframework.dll" id="783adf65-abbf-bc7e-08cb-16ba15ca9520">
      <Execution id="5b9d1eb3-169b-41b2-80d0-7a06af65220a" />
      <TestMethod codeBase="C:/Users/dlepelley/Documents/Code/Newton Framework/Test.NewtonFramework/Test.NewtonFramework/bin/Release/Test.NewtonFramework.DLL" adapterTypeName="Microsoft.VisualStudio.TestTools.TestTypes.Unit.UnitTestAdapter, Microsoft.VisualStudio.QualityTools.Tips.UnitTest.Adapter, Version=10.0.0.0, Culture=neutral, PublicKeyToken=b03f5f7f11d50a3a" className="Test.NewtonFramework.StatisticsTest, Test.NewtonFramework, Version=1.0.0.0, Culture=neutral, PublicKeyToken=null" name="StatisticsVarianceTest2" />
    </UnitTest>
    <UnitTest name="StatisticsPercentileTrimTest2" storage="c:\users\dlepelley\documents\code\newton framework\test.newtonframework\test.newtonframework\bin\release\test.newtonframework.dll" id="041c6717-acfb-2db3-8f83-edd0f5d07dd1">
      <Execution id="bf0883b0-b542-4825-8d31-f97b207bbfa7" />
      <TestMethod codeBase="C:/Users/dlepelley/Documents/Code/Newton Framework/Test.NewtonFramework/Test.NewtonFramework/bin/Release/Test.NewtonFramework.DLL" adapterTypeName="Microsoft.VisualStudio.TestTools.TestTypes.Unit.UnitTestAdapter, Microsoft.VisualStudio.QualityTools.Tips.UnitTest.Adapter, Version=10.0.0.0, Culture=neutral, PublicKeyToken=b03f5f7f11d50a3a" className="Test.NewtonFramework.StatisticsTest, Test.NewtonFramework, Version=1.0.0.0, Culture=neutral, PublicKeyToken=null" name="StatisticsPercentileTrimTest2" />
    </UnitTest>
    <UnitTest name="StatisticsChebysheffRatioTest4" storage="c:\users\dlepelley\documents\code\newton framework\test.newtonframework\test.newtonframework\bin\release\test.newtonframework.dll" id="560a73d2-43e0-8ff5-1c67-88b6eedd67fa">
      <Execution id="de651ae5-1089-409a-9f40-c042fb52f1b6" />
      <TestMethod codeBase="C:/Users/dlepelley/Documents/Code/Newton Framework/Test.NewtonFramework/Test.NewtonFramework/bin/Release/Test.NewtonFramework.DLL" adapterTypeName="Microsoft.VisualStudio.TestTools.TestTypes.Unit.UnitTestAdapter, Microsoft.VisualStudio.QualityTools.Tips.UnitTest.Adapter, Version=10.0.0.0, Culture=neutral, PublicKeyToken=b03f5f7f11d50a3a" className="Test.NewtonFramework.StatisticsTest, Test.NewtonFramework, Version=1.0.0.0, Culture=neutral, PublicKeyToken=null" name="StatisticsChebysheffRatioTest4" />
    </UnitTest>
    <UnitTest name="StatisticsMedianTest3" storage="c:\users\dlepelley\documents\code\newton framework\test.newtonframework\test.newtonframework\bin\release\test.newtonframework.dll" id="071af663-d213-e66f-970c-d4c59d09ad55">
      <Execution id="353d77c5-dcba-4fa1-8b23-5a8e8927cf9b" />
      <TestMethod codeBase="C:/Users/dlepelley/Documents/Code/Newton Framework/Test.NewtonFramework/Test.NewtonFramework/bin/Release/Test.NewtonFramework.DLL" adapterTypeName="Microsoft.VisualStudio.TestTools.TestTypes.Unit.UnitTestAdapter, Microsoft.VisualStudio.QualityTools.Tips.UnitTest.Adapter, Version=10.0.0.0, Culture=neutral, PublicKeyToken=b03f5f7f11d50a3a" className="Test.NewtonFramework.StatisticsTest, Test.NewtonFramework, Version=1.0.0.0, Culture=neutral, PublicKeyToken=null" name="StatisticsMedianTest3" />
    </UnitTest>
    <UnitTest name="StatisticsPascalsTriangleTest1" storage="c:\users\dlepelley\documents\code\newton framework\test.newtonframework\test.newtonframework\bin\release\test.newtonframework.dll" id="2a163207-26e6-863b-cdaf-1dfbeda55db8">
      <Execution id="188a96b0-db9e-4149-8932-e74fbd347cf5" />
      <TestMethod codeBase="C:/Users/dlepelley/Documents/Code/Newton Framework/Test.NewtonFramework/Test.NewtonFramework/bin/Release/Test.NewtonFramework.DLL" adapterTypeName="Microsoft.VisualStudio.TestTools.TestTypes.Unit.UnitTestAdapter, Microsoft.VisualStudio.QualityTools.Tips.UnitTest.Adapter, Version=10.0.0.0, Culture=neutral, PublicKeyToken=b03f5f7f11d50a3a" className="Test.NewtonFramework.StatisticsTest, Test.NewtonFramework, Version=1.0.0.0, Culture=neutral, PublicKeyToken=null" name="StatisticsPascalsTriangleTest1" />
    </UnitTest>
    <UnitTest name="StatisticsMeanTest2" storage="c:\users\dlepelley\documents\code\newton framework\test.newtonframework\test.newtonframework\bin\release\test.newtonframework.dll" id="2102b3f2-cc6b-221a-24df-8225b8862dc1">
      <Execution id="78be167e-303e-46d8-9fb9-a7a0c5264f27" />
      <TestMethod codeBase="C:/Users/dlepelley/Documents/Code/Newton Framework/Test.NewtonFramework/Test.NewtonFramework/bin/Release/Test.NewtonFramework.DLL" adapterTypeName="Microsoft.VisualStudio.TestTools.TestTypes.Unit.UnitTestAdapter, Microsoft.VisualStudio.QualityTools.Tips.UnitTest.Adapter, Version=10.0.0.0, Culture=neutral, PublicKeyToken=b03f5f7f11d50a3a" className="Test.NewtonFramework.StatisticsTest, Test.NewtonFramework, Version=1.0.0.0, Culture=neutral, PublicKeyToken=null" name="StatisticsMeanTest2" />
    </UnitTest>
    <UnitTest name="StatisticsPercentileTest1" storage="c:\users\dlepelley\documents\code\newton framework\test.newtonframework\test.newtonframework\bin\release\test.newtonframework.dll" id="0effd208-6dfe-9694-0538-a26544005ee7">
      <Execution id="48c6d8b8-8dd1-43f9-8f4e-ab4fd2c7f2b1" />
      <TestMethod codeBase="C:/Users/dlepelley/Documents/Code/Newton Framework/Test.NewtonFramework/Test.NewtonFramework/bin/Release/Test.NewtonFramework.DLL" adapterTypeName="Microsoft.VisualStudio.TestTools.TestTypes.Unit.UnitTestAdapter, Microsoft.VisualStudio.QualityTools.Tips.UnitTest.Adapter, Version=10.0.0.0, Culture=neutral, PublicKeyToken=b03f5f7f11d50a3a" className="Test.NewtonFramework.StatisticsTest, Test.NewtonFramework, Version=1.0.0.0, Culture=neutral, PublicKeyToken=null" name="StatisticsPercentileTest1" />
    </UnitTest>
    <UnitTest name="StatisticsLowerControl3SigmaTest1" storage="c:\users\dlepelley\documents\code\newton framework\test.newtonframework\test.newtonframework\bin\release\test.newtonframework.dll" id="d7bdd346-512b-641b-efe6-3059f40a8cd8">
      <Execution id="bbc7a668-7270-4816-9255-cf3cacc7fbb9" />
      <TestMethod codeBase="C:/Users/dlepelley/Documents/Code/Newton Framework/Test.NewtonFramework/Test.NewtonFramework/bin/Release/Test.NewtonFramework.DLL" adapterTypeName="Microsoft.VisualStudio.TestTools.TestTypes.Unit.UnitTestAdapter, Microsoft.VisualStudio.QualityTools.Tips.UnitTest.Adapter, Version=10.0.0.0, Culture=neutral, PublicKeyToken=b03f5f7f11d50a3a" className="Test.NewtonFramework.StatisticsTest, Test.NewtonFramework, Version=1.0.0.0, Culture=neutral, PublicKeyToken=null" name="StatisticsLowerControl3SigmaTest1" />
    </UnitTest>
    <UnitTest name="StatisticsPoissonProbabilityTest4" storage="c:\users\dlepelley\documents\code\newton framework\test.newtonframework\test.newtonframework\bin\release\test.newtonframework.dll" id="8fd28c34-9870-309c-571a-f0ad83e3f49a">
      <Execution id="3ae91a00-fa4e-44f2-ac38-90837e00fd43" />
      <TestMethod codeBase="C:/Users/dlepelley/Documents/Code/Newton Framework/Test.NewtonFramework/Test.NewtonFramework/bin/Release/Test.NewtonFramework.DLL" adapterTypeName="Microsoft.VisualStudio.TestTools.TestTypes.Unit.UnitTestAdapter, Microsoft.VisualStudio.QualityTools.Tips.UnitTest.Adapter, Version=10.0.0.0, Culture=neutral, PublicKeyToken=b03f5f7f11d50a3a" className="Test.NewtonFramework.StatisticsTest, Test.NewtonFramework, Version=1.0.0.0, Culture=neutral, PublicKeyToken=null" name="StatisticsPoissonProbabilityTest4" />
    </UnitTest>
    <UnitTest name="StatisticsMeanTest3" storage="c:\users\dlepelley\documents\code\newton framework\test.newtonframework\test.newtonframework\bin\release\test.newtonframework.dll" id="7f33271b-a0c2-db6c-22c1-c0ae51c9ed6d">
      <Execution id="6d4438e8-c078-473b-84cf-384b3412c07f" />
      <TestMethod codeBase="C:/Users/dlepelley/Documents/Code/Newton Framework/Test.NewtonFramework/Test.NewtonFramework/bin/Release/Test.NewtonFramework.DLL" adapterTypeName="Microsoft.VisualStudio.TestTools.TestTypes.Unit.UnitTestAdapter, Microsoft.VisualStudio.QualityTools.Tips.UnitTest.Adapter, Version=10.0.0.0, Culture=neutral, PublicKeyToken=b03f5f7f11d50a3a" className="Test.NewtonFramework.StatisticsTest, Test.NewtonFramework, Version=1.0.0.0, Culture=neutral, PublicKeyToken=null" name="StatisticsMeanTest3" />
    </UnitTest>
    <UnitTest name="StatisticsPoissonProbabilityTest5" storage="c:\users\dlepelley\documents\code\newton framework\test.newtonframework\test.newtonframework\bin\release\test.newtonframework.dll" id="c8079e25-c7c6-990d-7896-38001fd15438">
      <Execution id="4e05aa6d-470d-4bb8-81df-f7cbce213615" />
      <TestMethod codeBase="C:/Users/dlepelley/Documents/Code/Newton Framework/Test.NewtonFramework/Test.NewtonFramework/bin/Release/Test.NewtonFramework.DLL" adapterTypeName="Microsoft.VisualStudio.TestTools.TestTypes.Unit.UnitTestAdapter, Microsoft.VisualStudio.QualityTools.Tips.UnitTest.Adapter, Version=10.0.0.0, Culture=neutral, PublicKeyToken=b03f5f7f11d50a3a" className="Test.NewtonFramework.StatisticsTest, Test.NewtonFramework, Version=1.0.0.0, Culture=neutral, PublicKeyToken=null" name="StatisticsPoissonProbabilityTest5" />
    </UnitTest>
    <UnitTest name="PopulatorTest1" storage="c:\users\dlepelley\documents\code\newton framework\test.newtonframework\test.newtonframework\bin\release\test.newtonframework.dll" id="badc6ecf-6b81-3e7f-ba84-d18686f862dd">
      <Execution id="8269fb46-5682-466a-ae53-fb7b495b317c" />
      <TestMethod codeBase="C:/Users/dlepelley/Documents/Code/Newton Framework/Test.NewtonFramework/Test.NewtonFramework/bin/Release/Test.NewtonFramework.DLL" adapterTypeName="Microsoft.VisualStudio.TestTools.TestTypes.Unit.UnitTestAdapter, Microsoft.VisualStudio.QualityTools.Tips.UnitTest.Adapter, Version=10.0.0.0, Culture=neutral, PublicKeyToken=b03f5f7f11d50a3a" className="Test.NewtonFramework.PopulatorTest, Test.NewtonFramework, Version=1.0.0.0, Culture=neutral, PublicKeyToken=null" name="PopulatorTest1" />
    </UnitTest>
    <UnitTest name="StatisticsExponentialDistributionTest2" storage="c:\users\dlepelley\documents\code\newton framework\test.newtonframework\test.newtonframework\bin\release\test.newtonframework.dll" id="d4486191-a639-1630-21ce-ce79d5cb3326">
      <Execution id="e1781f33-db77-4094-afd8-56a54a55cb6c" />
      <TestMethod codeBase="C:/Users/dlepelley/Documents/Code/Newton Framework/Test.NewtonFramework/Test.NewtonFramework/bin/Release/Test.NewtonFramework.DLL" adapterTypeName="Microsoft.VisualStudio.TestTools.TestTypes.Unit.UnitTestAdapter, Microsoft.VisualStudio.QualityTools.Tips.UnitTest.Adapter, Version=10.0.0.0, Culture=neutral, PublicKeyToken=b03f5f7f11d50a3a" className="Test.NewtonFramework.StatisticsTest, Test.NewtonFramework, Version=1.0.0.0, Culture=neutral, PublicKeyToken=null" name="StatisticsExponentialDistributionTest2" />
    </UnitTest>
    <UnitTest name="StatisticsCyhelskySkewTest3" storage="c:\users\dlepelley\documents\code\newton framework\test.newtonframework\test.newtonframework\bin\release\test.newtonframework.dll" id="2393a279-11f3-8e59-cca3-5cccc9a7765c">
      <Execution id="c2edb96c-c66b-4817-804d-c04c09408183" />
      <TestMethod codeBase="C:/Users/dlepelley/Documents/Code/Newton Framework/Test.NewtonFramework/Test.NewtonFramework/bin/Release/Test.NewtonFramework.DLL" adapterTypeName="Microsoft.VisualStudio.TestTools.TestTypes.Unit.UnitTestAdapter, Microsoft.VisualStudio.QualityTools.Tips.UnitTest.Adapter, Version=10.0.0.0, Culture=neutral, PublicKeyToken=b03f5f7f11d50a3a" className="Test.NewtonFramework.StatisticsTest, Test.NewtonFramework, Version=1.0.0.0, Culture=neutral, PublicKeyToken=null" name="StatisticsCyhelskySkewTest3" />
    </UnitTest>
    <UnitTest name="StatisticsUpperQuartileTest1" storage="c:\users\dlepelley\documents\code\newton framework\test.newtonframework\test.newtonframework\bin\release\test.newtonframework.dll" id="5209e77c-05e5-d9b3-9b6a-c67aac15aba8">
      <Execution id="cd969e80-969a-4ed9-9525-283eb8b945eb" />
      <TestMethod codeBase="C:/Users/dlepelley/Documents/Code/Newton Framework/Test.NewtonFramework/Test.NewtonFramework/bin/Release/Test.NewtonFramework.DLL" adapterTypeName="Microsoft.VisualStudio.TestTools.TestTypes.Unit.UnitTestAdapter, Microsoft.VisualStudio.QualityTools.Tips.UnitTest.Adapter, Version=10.0.0.0, Culture=neutral, PublicKeyToken=b03f5f7f11d50a3a" className="Test.NewtonFramework.StatisticsTest, Test.NewtonFramework, Version=1.0.0.0, Culture=neutral, PublicKeyToken=null" name="StatisticsUpperQuartileTest1" />
    </UnitTest>
    <UnitTest name="StatisticsCyhelskySkewTest2" storage="c:\users\dlepelley\documents\code\newton framework\test.newtonframework\test.newtonframework\bin\release\test.newtonframework.dll" id="75296183-6464-e423-525e-34eeaacc24b1">
      <Execution id="851fec36-a55b-41ec-9938-48f7eb0fcecb" />
      <TestMethod codeBase="C:/Users/dlepelley/Documents/Code/Newton Framework/Test.NewtonFramework/Test.NewtonFramework/bin/Release/Test.NewtonFramework.DLL" adapterTypeName="Microsoft.VisualStudio.TestTools.TestTypes.Unit.UnitTestAdapter, Microsoft.VisualStudio.QualityTools.Tips.UnitTest.Adapter, Version=10.0.0.0, Culture=neutral, PublicKeyToken=b03f5f7f11d50a3a" className="Test.NewtonFramework.StatisticsTest, Test.NewtonFramework, Version=1.0.0.0, Culture=neutral, PublicKeyToken=null" name="StatisticsCyhelskySkewTest2" />
    </UnitTest>
    <UnitTest name="StatisticsMedianTest4" storage="c:\users\dlepelley\documents\code\newton framework\test.newtonframework\test.newtonframework\bin\release\test.newtonframework.dll" id="62301300-fec2-ac58-f02c-80e85ed9628e">
      <Execution id="a7d11199-cf18-46fe-867b-7d3c35811747" />
      <TestMethod codeBase="C:/Users/dlepelley/Documents/Code/Newton Framework/Test.NewtonFramework/Test.NewtonFramework/bin/Release/Test.NewtonFramework.DLL" adapterTypeName="Microsoft.VisualStudio.TestTools.TestTypes.Unit.UnitTestAdapter, Microsoft.VisualStudio.QualityTools.Tips.UnitTest.Adapter, Version=10.0.0.0, Culture=neutral, PublicKeyToken=b03f5f7f11d50a3a" className="Test.NewtonFramework.StatisticsTest, Test.NewtonFramework, Version=1.0.0.0, Culture=neutral, PublicKeyToken=null" name="StatisticsMedianTest4" />
    </UnitTest>
    <UnitTest name="StatisticsPoissonProbabilityTest3" storage="c:\users\dlepelley\documents\code\newton framework\test.newtonframework\test.newtonframework\bin\release\test.newtonframework.dll" id="0624068f-5953-e441-9bc4-7442ebf913d6">
      <Execution id="da2bdb77-3e80-43b7-8e6e-d8af092b79ea" />
      <TestMethod codeBase="C:/Users/dlepelley/Documents/Code/Newton Framework/Test.NewtonFramework/Test.NewtonFramework/bin/Release/Test.NewtonFramework.DLL" adapterTypeName="Microsoft.VisualStudio.TestTools.TestTypes.Unit.UnitTestAdapter, Microsoft.VisualStudio.QualityTools.Tips.UnitTest.Adapter, Version=10.0.0.0, Culture=neutral, PublicKeyToken=b03f5f7f11d50a3a" className="Test.NewtonFramework.StatisticsTest, Test.NewtonFramework, Version=1.0.0.0, Culture=neutral, PublicKeyToken=null" name="StatisticsPoissonProbabilityTest3" />
    </UnitTest>
    <UnitTest name="StatisticsPoissonProbabilityTest6" storage="c:\users\dlepelley\documents\code\newton framework\test.newtonframework\test.newtonframework\bin\release\test.newtonframework.dll" id="19b583a8-b159-bbfa-7f80-3919fe1d8b2a">
      <Execution id="a16046fd-8060-47ce-bff9-08b7d5a6e391" />
      <TestMethod codeBase="C:/Users/dlepelley/Documents/Code/Newton Framework/Test.NewtonFramework/Test.NewtonFramework/bin/Release/Test.NewtonFramework.DLL" adapterTypeName="Microsoft.VisualStudio.TestTools.TestTypes.Unit.UnitTestAdapter, Microsoft.VisualStudio.QualityTools.Tips.UnitTest.Adapter, Version=10.0.0.0, Culture=neutral, PublicKeyToken=b03f5f7f11d50a3a" className="Test.NewtonFramework.StatisticsTest, Test.NewtonFramework, Version=1.0.0.0, Culture=neutral, PublicKeyToken=null" name="StatisticsPoissonProbabilityTest6" />
    </UnitTest>
    <UnitTest name="StatisticsCyhelskySkewTest1" storage="c:\users\dlepelley\documents\code\newton framework\test.newtonframework\test.newtonframework\bin\release\test.newtonframework.dll" id="65415a8e-be3c-758e-b719-149bcba4e2c9">
      <Execution id="98271103-1504-4660-ac68-32f8e4729bf9" />
      <TestMethod codeBase="C:/Users/dlepelley/Documents/Code/Newton Framework/Test.NewtonFramework/Test.NewtonFramework/bin/Release/Test.NewtonFramework.DLL" adapterTypeName="Microsoft.VisualStudio.TestTools.TestTypes.Unit.UnitTestAdapter, Microsoft.VisualStudio.QualityTools.Tips.UnitTest.Adapter, Version=10.0.0.0, Culture=neutral, PublicKeyToken=b03f5f7f11d50a3a" className="Test.NewtonFramework.StatisticsTest, Test.NewtonFramework, Version=1.0.0.0, Culture=neutral, PublicKeyToken=null" name="StatisticsCyhelskySkewTest1" />
    </UnitTest>
    <UnitTest name="StatisticsChebysheffRatioTest1" storage="c:\users\dlepelley\documents\code\newton framework\test.newtonframework\test.newtonframework\bin\release\test.newtonframework.dll" id="dfd7860b-9b07-5f5a-fdb0-0f043cd4f6e2">
      <Execution id="6be4b522-8ac7-4159-9847-f2c40ef1581c" />
      <TestMethod codeBase="C:/Users/dlepelley/Documents/Code/Newton Framework/Test.NewtonFramework/Test.NewtonFramework/bin/Release/Test.NewtonFramework.DLL" adapterTypeName="Microsoft.VisualStudio.TestTools.TestTypes.Unit.UnitTestAdapter, Microsoft.VisualStudio.QualityTools.Tips.UnitTest.Adapter, Version=10.0.0.0, Culture=neutral, PublicKeyToken=b03f5f7f11d50a3a" className="Test.NewtonFramework.StatisticsTest, Test.NewtonFramework, Version=1.0.0.0, Culture=neutral, PublicKeyToken=null" name="StatisticsChebysheffRatioTest1" />
    </UnitTest>
  </TestDefinitions>
  <TestLists>
    <TestList name="Results Not in a List" id="8c84fa94-04c1-424b-9868-57a2d4851a1d" />
    <TestList name="All Loaded Results" id="19431567-8539-422a-85d7-44ee4e166bda" />
  </TestLists>
  <TestEntries>
    <TestEntry testId="783adf65-abbf-bc7e-08cb-16ba15ca9520" executionId="5b9d1eb3-169b-41b2-80d0-7a06af65220a" testListId="8c84fa94-04c1-424b-9868-57a2d4851a1d" />
    <TestEntry testId="7a1e47ca-ef09-abc7-6ab4-44a5f53dde98" executionId="805be79a-9d85-4ce6-82df-1b37ac3fc70e" testListId="8c84fa94-04c1-424b-9868-57a2d4851a1d" />
    <TestEntry testId="5b9a0eb2-2d9b-c339-0dfa-9c6620c11d9a" executionId="4f97b6b4-143e-4ebd-9b90-75fa073d254b" testListId="8c84fa94-04c1-424b-9868-57a2d4851a1d" />
    <TestEntry testId="5209e77c-05e5-d9b3-9b6a-c67aac15aba8" executionId="cd969e80-969a-4ed9-9525-283eb8b945eb" testListId="8c84fa94-04c1-424b-9868-57a2d4851a1d" />
    <TestEntry testId="5c310277-b3dc-735a-aa6d-7b768f6ee3d4" executionId="f3d4db9f-7f5f-47c5-9b36-24b4770325ee" testListId="8c84fa94-04c1-424b-9868-57a2d4851a1d" />
    <TestEntry testId="d3497b38-7973-13ae-70b4-7fb61cf6c2c3" executionId="af248988-f3b4-4199-acf0-9fa97948e110" testListId="8c84fa94-04c1-424b-9868-57a2d4851a1d" />
    <TestEntry testId="19b583a8-b159-bbfa-7f80-3919fe1d8b2a" executionId="a16046fd-8060-47ce-bff9-08b7d5a6e391" testListId="8c84fa94-04c1-424b-9868-57a2d4851a1d" />
    <TestEntry testId="c8079e25-c7c6-990d-7896-38001fd15438" executionId="4e05aa6d-470d-4bb8-81df-f7cbce213615" testListId="8c84fa94-04c1-424b-9868-57a2d4851a1d" />
    <TestEntry testId="8fd28c34-9870-309c-571a-f0ad83e3f49a" executionId="3ae91a00-fa4e-44f2-ac38-90837e00fd43" testListId="8c84fa94-04c1-424b-9868-57a2d4851a1d" />
    <TestEntry testId="0624068f-5953-e441-9bc4-7442ebf913d6" executionId="da2bdb77-3e80-43b7-8e6e-d8af092b79ea" testListId="8c84fa94-04c1-424b-9868-57a2d4851a1d" />
    <TestEntry testId="9dab9a8a-c40e-6be4-1b38-db0c5db5f22d" executionId="c26b43ef-cd5d-462f-a374-7c394161e706" testListId="8c84fa94-04c1-424b-9868-57a2d4851a1d" />
    <TestEntry testId="cc749050-4588-f92d-8f56-a21b35c23f35" executionId="94d23a79-da64-46e5-b1de-342f9cb032bb" testListId="8c84fa94-04c1-424b-9868-57a2d4851a1d" />
    <TestEntry testId="041c6717-acfb-2db3-8f83-edd0f5d07dd1" executionId="bf0883b0-b542-4825-8d31-f97b207bbfa7" testListId="8c84fa94-04c1-424b-9868-57a2d4851a1d" />
    <TestEntry testId="dd897b1a-7a9b-5849-581c-9af754aedd88" executionId="207915a7-0c1b-4617-ae53-66933a12d067" testListId="8c84fa94-04c1-424b-9868-57a2d4851a1d" />
    <TestEntry testId="67cfafae-6c55-2c46-5a76-f8ba73b5c9b7" executionId="7a97f2fd-91ea-46a7-bf75-80099691664f" testListId="8c84fa94-04c1-424b-9868-57a2d4851a1d" />
    <TestEntry testId="0effd208-6dfe-9694-0538-a26544005ee7" executionId="48c6d8b8-8dd1-43f9-8f4e-ab4fd2c7f2b1" testListId="8c84fa94-04c1-424b-9868-57a2d4851a1d" />
    <TestEntry testId="2a163207-26e6-863b-cdaf-1dfbeda55db8" executionId="188a96b0-db9e-4149-8932-e74fbd347cf5" testListId="8c84fa94-04c1-424b-9868-57a2d4851a1d" />
    <TestEntry testId="7b0ed38c-e427-af57-36bf-200cfbdc69a6" executionId="838c630a-e3ba-486e-81f6-d2a8be7150f5" testListId="8c84fa94-04c1-424b-9868-57a2d4851a1d" />
    <TestEntry testId="82e1e8c4-8981-5c13-5b87-22183332d326" executionId="98a74056-359f-45c1-8112-8ac1e942e8c3" testListId="8c84fa94-04c1-424b-9868-57a2d4851a1d" />
    <TestEntry testId="926fca82-ec44-de40-9e03-39b909fa2370" executionId="754e6667-a3f1-43a5-9b1f-086d5a8ed6c3" testListId="8c84fa94-04c1-424b-9868-57a2d4851a1d" />
    <TestEntry testId="62301300-fec2-ac58-f02c-80e85ed9628e" executionId="a7d11199-cf18-46fe-867b-7d3c35811747" testListId="8c84fa94-04c1-424b-9868-57a2d4851a1d" />
    <TestEntry testId="071af663-d213-e66f-970c-d4c59d09ad55" executionId="353d77c5-dcba-4fa1-8b23-5a8e8927cf9b" testListId="8c84fa94-04c1-424b-9868-57a2d4851a1d" />
    <TestEntry testId="2cfe729b-358c-9bca-8ad2-bfc8aa33f6c3" executionId="ad5495e1-eddb-431c-a3aa-aaab787913cf" testListId="8c84fa94-04c1-424b-9868-57a2d4851a1d" />
    <TestEntry testId="b3e776b3-4958-6637-5ade-9799124b5d3f" executionId="760d3a34-dbdc-4945-9055-c548fdf72bff" testListId="8c84fa94-04c1-424b-9868-57a2d4851a1d" />
    <TestEntry testId="7f33271b-a0c2-db6c-22c1-c0ae51c9ed6d" executionId="6d4438e8-c078-473b-84cf-384b3412c07f" testListId="8c84fa94-04c1-424b-9868-57a2d4851a1d" />
    <TestEntry testId="2102b3f2-cc6b-221a-24df-8225b8862dc1" executionId="78be167e-303e-46d8-9fb9-a7a0c5264f27" testListId="8c84fa94-04c1-424b-9868-57a2d4851a1d" />
    <TestEntry testId="7dc5aa2a-f587-b4b0-b5dd-0232934ab41a" executionId="3b12c564-e808-40cf-b394-a91aaaf7fbb0" testListId="8c84fa94-04c1-424b-9868-57a2d4851a1d" />
    <TestEntry testId="99e87fb8-14a5-bdd8-804f-d36f07d49ff7" executionId="8e4798b9-70f9-40c8-b892-41eaf0572d69" testListId="8c84fa94-04c1-424b-9868-57a2d4851a1d" />
    <TestEntry testId="ff56e7ed-42a7-219f-3d04-58682c94e982" executionId="84551485-d622-43ae-a65d-0208f1697e78" testListId="8c84fa94-04c1-424b-9868-57a2d4851a1d" />
    <TestEntry testId="d7bdd346-512b-641b-efe6-3059f40a8cd8" executionId="bbc7a668-7270-4816-9255-cf3cacc7fbb9" testListId="8c84fa94-04c1-424b-9868-57a2d4851a1d" />
    <TestEntry testId="d4486191-a639-1630-21ce-ce79d5cb3326" executionId="e1781f33-db77-4094-afd8-56a54a55cb6c" testListId="8c84fa94-04c1-424b-9868-57a2d4851a1d" />
    <TestEntry testId="f5e3a2cc-0da9-a31a-3515-29c4ae3fc0ea" executionId="9aada8a5-40cd-43d2-ab8d-999fd639ce64" testListId="8c84fa94-04c1-424b-9868-57a2d4851a1d" />
    <TestEntry testId="01588bce-19c0-0e14-e55b-6a9dd8607ed4" executionId="abdd2125-7329-48b5-880a-0df2f1ee303e" testListId="8c84fa94-04c1-424b-9868-57a2d4851a1d" />
    <TestEntry testId="2393a279-11f3-8e59-cca3-5cccc9a7765c" executionId="c2edb96c-c66b-4817-804d-c04c09408183" testListId="8c84fa94-04c1-424b-9868-57a2d4851a1d" />
    <TestEntry testId="75296183-6464-e423-525e-34eeaacc24b1" executionId="851fec36-a55b-41ec-9938-48f7eb0fcecb" testListId="8c84fa94-04c1-424b-9868-57a2d4851a1d" />
    <TestEntry testId="65415a8e-be3c-758e-b719-149bcba4e2c9" executionId="98271103-1504-4660-ac68-32f8e4729bf9" testListId="8c84fa94-04c1-424b-9868-57a2d4851a1d" />
    <TestEntry testId="560a73d2-43e0-8ff5-1c67-88b6eedd67fa" executionId="de651ae5-1089-409a-9f40-c042fb52f1b6" testListId="8c84fa94-04c1-424b-9868-57a2d4851a1d" />
    <TestEntry testId="f040dc20-d1ab-e501-0cdd-c49be3f67d73" executionId="b7fa6008-91be-4ee2-96c9-06db09017b70" testListId="8c84fa94-04c1-424b-9868-57a2d4851a1d" />
    <TestEntry testId="519b3c1b-8284-89ce-2bae-272f72108bd5" executionId="6f34cd90-d278-445c-9732-4d7034f52f2b" testListId="8c84fa94-04c1-424b-9868-57a2d4851a1d" />
    <TestEntry testId="dfd7860b-9b07-5f5a-fdb0-0f043cd4f6e2" executionId="6be4b522-8ac7-4159-9847-f2c40ef1581c" testListId="8c84fa94-04c1-424b-9868-57a2d4851a1d" />
    <TestEntry testId="3f466c80-e5c6-b559-cae0-d7580d9b5f8b" executionId="22a604ac-86ea-44e0-b193-b367471775b1" testListId="8c84fa94-04c1-424b-9868-57a2d4851a1d" />
    <TestEntry testId="5d62fbc6-ccf7-3ab9-81af-9267fe431730" executionId="4d103222-a902-4ee8-baeb-4c2d357538d2" testListId="8c84fa94-04c1-424b-9868-57a2d4851a1d" />
    <TestEntry testId="aa2d1779-bcda-f75a-8d16-bdf94d08d579" executionId="10222cdc-6247-4dc1-9b58-c072f0726709" testListId="8c84fa94-04c1-424b-9868-57a2d4851a1d" />
    <TestEntry testId="badc6ecf-6b81-3e7f-ba84-d18686f862dd" executionId="8269fb46-5682-466a-ae53-fb7b495b317c" testListId="8c84fa94-04c1-424b-9868-57a2d4851a1d" />
    <TestEntry testId="6abc2210-ddd4-034b-b2ff-4ecc00cadd20" executionId="b0ab1402-4933-45cf-a597-020b2106b546" testListId="8c84fa94-04c1-424b-9868-57a2d4851a1d" />
    <TestEntry testId="e55ca91a-0935-016d-7e90-50c5811bc777" executionId="818fe221-b396-40cd-ac27-9ef1695d654b" testListId="8c84fa94-04c1-424b-9868-57a2d4851a1d" />
    <TestEntry testId="3a9a2ce8-1433-7d7d-25b4-39d859d81dab" executionId="ca91350e-e2b6-42cd-9b60-293273e5fd51" testListId="8c84fa94-04c1-424b-9868-57a2d4851a1d" />
  </TestEntries>
  <Results>
    <UnitTestResult executionId="5b9d1eb3-169b-41b2-80d0-7a06af65220a" testId="783adf65-abbf-bc7e-08cb-16ba15ca9520" testName="StatisticsVarianceTest2" computerName="DLEPELLEY-VE" duration="00:00:00.0541643" startTime="2013-07-16T12:10:56.1010959+01:00" endTime="2013-07-16T12:10:56.4101136+01:00" testType="13cdc9d9-ddb5-4fa4-a97d-d965ccfc6d4b" outcome="Passed" testListId="8c84fa94-04c1-424b-9868-57a2d4851a1d" relativeResultsDirectory="5b9d1eb3-169b-41b2-80d0-7a06af65220a">
    </UnitTestResult>
    <UnitTestResult executionId="805be79a-9d85-4ce6-82df-1b37ac3fc70e" testId="7a1e47ca-ef09-abc7-6ab4-44a5f53dde98" testName="StatisticsVarianceTest1" computerName="DLEPELLEY-VE" duration="00:00:00.0004028" startTime="2013-07-16T12:10:56.4121137+01:00" endTime="2013-07-16T12:10:56.4231143+01:00" testType="13cdc9d9-ddb5-4fa4-a97d-d965ccfc6d4b" outcome="Passed" testListId="8c84fa94-04c1-424b-9868-57a2d4851a1d" relativeResultsDirectory="805be79a-9d85-4ce6-82df-1b37ac3fc70e">
    </UnitTestResult>
    <UnitTestResult executionId="4f97b6b4-143e-4ebd-9b90-75fa073d254b" testId="5b9a0eb2-2d9b-c339-0dfa-9c6620c11d9a" testName="StatisticsUpperQuartileTest2" computerName="DLEPELLEY-VE" duration="00:00:00.0205029" startTime="2013-07-16T12:10:56.4311148+01:00" endTime="2013-07-16T12:10:56.4551162+01:00" testType="13cdc9d9-ddb5-4fa4-a97d-d965ccfc6d4b" outcome="Passed" testListId="8c84fa94-04c1-424b-9868-57a2d4851a1d" relativeResultsDirectory="4f97b6b4-143e-4ebd-9b90-75fa073d254b">
    </UnitTestResult>
    <UnitTestResult executionId="cd969e80-969a-4ed9-9525-283eb8b945eb" testId="5209e77c-05e5-d9b3-9b6a-c67aac15aba8" testName="StatisticsUpperQuartileTest1" computerName="DLEPELLEY-VE" duration="00:00:00.0002950" startTime="2013-07-16T12:10:56.4571163+01:00" endTime="2013-07-16T12:10:56.4701170+01:00" testType="13cdc9d9-ddb5-4fa4-a97d-d965ccfc6d4b" outcome="Passed" testListId="8c84fa94-04c1-424b-9868-57a2d4851a1d" relativeResultsDirectory="cd969e80-969a-4ed9-9525-283eb8b945eb">
    </UnitTestResult>
    <UnitTestResult executionId="f3d4db9f-7f5f-47c5-9b36-24b4770325ee" testId="5c310277-b3dc-735a-aa6d-7b768f6ee3d4" testName="StatisticsUpperControl3SigmaTest1" computerName="DLEPELLEY-VE" duration="00:00:00.0003485" startTime="2013-07-16T12:10:56.4731172+01:00" endTime="2013-07-16T12:10:56.4761174+01:00" testType="13cdc9d9-ddb5-4fa4-a97d-d965ccfc6d4b" outcome="Passed" testListId="8c84fa94-04c1-424b-9868-57a2d4851a1d" relativeResultsDirectory="f3d4db9f-7f5f-47c5-9b36-24b4770325ee">
    </UnitTestResult>
    <UnitTestResult executionId="af248988-f3b4-4199-acf0-9fa97948e110" testId="d3497b38-7973-13ae-70b4-7fb61cf6c2c3" testName="StatisticsSummaryTest1" computerName="DLEPELLEY-VE" duration="00:00:00.0166414" startTime="2013-07-16T12:10:56.4881180+01:00" endTime="2013-07-16T12:10:56.5081192+01:00" testType="13cdc9d9-ddb5-4fa4-a97d-d965ccfc6d4b" outcome="Passed" testListId="8c84fa94-04c1-424b-9868-57a2d4851a1d" relativeResultsDirectory="af248988-f3b4-4199-acf0-9fa97948e110">
    </UnitTestResult>
    <UnitTestResult executionId="a16046fd-8060-47ce-bff9-08b7d5a6e391" testId="19b583a8-b159-bbfa-7f80-3919fe1d8b2a" testName="StatisticsPoissonProbabilityTest6" computerName="DLEPELLEY-VE" duration="00:00:00.0005858" startTime="2013-07-16T12:10:56.5091192+01:00" endTime="2013-07-16T12:10:56.5161196+01:00" testType="13cdc9d9-ddb5-4fa4-a97d-d965ccfc6d4b" outcome="Passed" testListId="8c84fa94-04c1-424b-9868-57a2d4851a1d" relativeResultsDirectory="a16046fd-8060-47ce-bff9-08b7d5a6e391">
    </UnitTestResult>
    <UnitTestResult executionId="4e05aa6d-470d-4bb8-81df-f7cbce213615" testId="c8079e25-c7c6-990d-7896-38001fd15438" testName="StatisticsPoissonProbabilityTest5" computerName="DLEPELLEY-VE" duration="00:00:00.0026256" startTime="2013-07-16T12:10:56.5211199+01:00" endTime="2013-07-16T12:10:56.5281203+01:00" testType="13cdc9d9-ddb5-4fa4-a97d-d965ccfc6d4b" outcome="Passed" testListId="8c84fa94-04c1-424b-9868-57a2d4851a1d" relativeResultsDirectory="4e05aa6d-470d-4bb8-81df-f7cbce213615">
    </UnitTestResult>
    <UnitTestResult executionId="3ae91a00-fa4e-44f2-ac38-90837e00fd43" testId="8fd28c34-9870-309c-571a-f0ad83e3f49a" testName="StatisticsPoissonProbabilityTest4" computerName="DLEPELLEY-VE" duration="00:00:00.0002398" startTime="2013-07-16T12:10:56.5301204+01:00" endTime="2013-07-16T12:10:56.5341207+01:00" testType="13cdc9d9-ddb5-4fa4-a97d-d965ccfc6d4b" outcome="Passed" testListId="8c84fa94-04c1-424b-9868-57a2d4851a1d" relativeResultsDirectory="3ae91a00-fa4e-44f2-ac38-90837e00fd43">
    </UnitTestResult>
    <UnitTestResult executionId="da2bdb77-3e80-43b7-8e6e-d8af092b79ea" testId="0624068f-5953-e441-9bc4-7442ebf913d6" testName="StatisticsPoissonProbabilityTest3" computerName="DLEPELLEY-VE" duration="00:00:00.0002946" startTime="2013-07-16T12:10:56.5371208+01:00" endTime="2013-07-16T12:10:56.5401210+01:00" testType="13cdc9d9-ddb5-4fa4-a97d-d965ccfc6d4b" outcome="Passed" testListId="8c84fa94-04c1-424b-9868-57a2d4851a1d" relativeResultsDirectory="da2bdb77-3e80-43b7-8e6e-d8af092b79ea">
    </UnitTestResult>
    <UnitTestResult executionId="c26b43ef-cd5d-462f-a374-7c394161e706" testId="9dab9a8a-c40e-6be4-1b38-db0c5db5f22d" testName="StatisticsPoissonProbabilityTest2" computerName="DLEPELLEY-VE" duration="00:00:00.0003168" startTime="2013-07-16T12:10:56.5411211+01:00" endTime="2013-07-16T12:10:56.5451213+01:00" testType="13cdc9d9-ddb5-4fa4-a97d-d965ccfc6d4b" outcome="Passed" testListId="8c84fa94-04c1-424b-9868-57a2d4851a1d" relativeResultsDirectory="c26b43ef-cd5d-462f-a374-7c394161e706">
    </UnitTestResult>
    <UnitTestResult executionId="94d23a79-da64-46e5-b1de-342f9cb032bb" testId="cc749050-4588-f92d-8f56-a21b35c23f35" testName="StatisticsPoissonProbabilityTest1" computerName="DLEPELLEY-VE" duration="00:00:00.0002929" startTime="2013-07-16T12:10:56.5481215+01:00" endTime="2013-07-16T12:10:56.5521217+01:00" testType="13cdc9d9-ddb5-4fa4-a97d-d965ccfc6d4b" outcome="Passed" testListId="8c84fa94-04c1-424b-9868-57a2d4851a1d" relativeResultsDirectory="94d23a79-da64-46e5-b1de-342f9cb032bb">
    </UnitTestResult>
    <UnitTestResult executionId="bf0883b0-b542-4825-8d31-f97b207bbfa7" testId="041c6717-acfb-2db3-8f83-edd0f5d07dd1" testName="StatisticsPercentileTrimTest2" computerName="DLEPELLEY-VE" duration="00:00:00.0015120" startTime="2013-07-16T12:10:56.5531218+01:00" endTime="2013-07-16T12:10:56.5591221+01:00" testType="13cdc9d9-ddb5-4fa4-a97d-d965ccfc6d4b" outcome="Passed" testListId="8c84fa94-04c1-424b-9868-57a2d4851a1d" relativeResultsDirectory="bf0883b0-b542-4825-8d31-f97b207bbfa7">
    </UnitTestResult>
    <UnitTestResult executionId="207915a7-0c1b-4617-ae53-66933a12d067" testId="dd897b1a-7a9b-5849-581c-9af754aedd88" testName="StatisticsPercentileTrimTest1" computerName="DLEPELLEY-VE" duration="00:00:00.0003810" startTime="2013-07-16T12:10:56.5611222+01:00" endTime="2013-07-16T12:10:56.5661225+01:00" testType="13cdc9d9-ddb5-4fa4-a97d-d965ccfc6d4b" outcome="Passed" testListId="8c84fa94-04c1-424b-9868-57a2d4851a1d" relativeResultsDirectory="207915a7-0c1b-4617-ae53-66933a12d067">
    </UnitTestResult>
    <UnitTestResult executionId="7a97f2fd-91ea-46a7-bf75-80099691664f" testId="67cfafae-6c55-2c46-5a76-f8ba73b5c9b7" testName="StatisticsPercentileTest2" computerName="DLEPELLEY-VE" duration="00:00:00.0003784" startTime="2013-07-16T12:10:56.5671226+01:00" endTime="2013-07-16T12:10:56.5721228+01:00" testType="13cdc9d9-ddb5-4fa4-a97d-d965ccfc6d4b" outcome="Passed" testListId="8c84fa94-04c1-424b-9868-57a2d4851a1d" relativeResultsDirectory="7a97f2fd-91ea-46a7-bf75-80099691664f">
    </UnitTestResult>
    <UnitTestResult executionId="48c6d8b8-8dd1-43f9-8f4e-ab4fd2c7f2b1" testId="0effd208-6dfe-9694-0538-a26544005ee7" testName="StatisticsPercentileTest1" computerName="DLEPELLEY-VE" duration="00:00:00.0003775" startTime="2013-07-16T12:10:56.5771231+01:00" endTime="2013-07-16T12:10:56.5801233+01:00" testType="13cdc9d9-ddb5-4fa4-a97d-d965ccfc6d4b" outcome="Passed" testListId="8c84fa94-04c1-424b-9868-57a2d4851a1d" relativeResultsDirectory="48c6d8b8-8dd1-43f9-8f4e-ab4fd2c7f2b1">
    </UnitTestResult>
    <UnitTestResult executionId="188a96b0-db9e-4149-8932-e74fbd347cf5" testId="2a163207-26e6-863b-cdaf-1dfbeda55db8" testName="StatisticsPascalsTriangleTest1" computerName="DLEPELLEY-VE" duration="00:00:00.0143357" startTime="2013-07-16T12:10:56.5811234+01:00" endTime="2013-07-16T12:10:56.5991244+01:00" testType="13cdc9d9-ddb5-4fa4-a97d-d965ccfc6d4b" outcome="Passed" testListId="8c84fa94-04c1-424b-9868-57a2d4851a1d" relativeResultsDirectory="188a96b0-db9e-4149-8932-e74fbd347cf5">
    </UnitTestResult>
    <UnitTestResult executionId="838c630a-e3ba-486e-81f6-d2a8be7150f5" testId="7b0ed38c-e427-af57-36bf-200cfbdc69a6" testName="StatisticsOutcomeTest2" computerName="DLEPELLEY-VE" duration="00:00:00.0012448" startTime="2013-07-16T12:10:56.6021246+01:00" endTime="2013-07-16T12:10:56.6071248+01:00" testType="13cdc9d9-ddb5-4fa4-a97d-d965ccfc6d4b" outcome="Passed" testListId="8c84fa94-04c1-424b-9868-57a2d4851a1d" relativeResultsDirectory="838c630a-e3ba-486e-81f6-d2a8be7150f5">
    </UnitTestResult>
    <UnitTestResult executionId="98a74056-359f-45c1-8112-8ac1e942e8c3" testId="82e1e8c4-8981-5c13-5b87-22183332d326" testName="StatisticsOutcomeTest1" computerName="DLEPELLEY-VE" duration="00:00:00.0002753" startTime="2013-07-16T12:10:56.6081249+01:00" endTime="2013-07-16T12:10:56.6121251+01:00" testType="13cdc9d9-ddb5-4fa4-a97d-d965ccfc6d4b" outcome="Passed" testListId="8c84fa94-04c1-424b-9868-57a2d4851a1d" relativeResultsDirectory="98a74056-359f-45c1-8112-8ac1e942e8c3">
    </UnitTestResult>
    <UnitTestResult executionId="754e6667-a3f1-43a5-9b1f-086d5a8ed6c3" testId="926fca82-ec44-de40-9e03-39b909fa2370" testName="StatisticsNormalDistributionTest1" computerName="DLEPELLEY-VE" duration="00:00:00.0003468" startTime="2013-07-16T12:10:56.6141252+01:00" endTime="2013-07-16T12:10:56.6181255+01:00" testType="13cdc9d9-ddb5-4fa4-a97d-d965ccfc6d4b" outcome="Passed" testListId="8c84fa94-04c1-424b-9868-57a2d4851a1d" relativeResultsDirectory="754e6667-a3f1-43a5-9b1f-086d5a8ed6c3">
    </UnitTestResult>
    <UnitTestResult executionId="a7d11199-cf18-46fe-867b-7d3c35811747" testId="62301300-fec2-ac58-f02c-80e85ed9628e" testName="StatisticsMedianTest4" computerName="DLEPELLEY-VE" duration="00:00:00.0003433" startTime="2013-07-16T12:10:56.6201256+01:00" endTime="2013-07-16T12:10:56.6241258+01:00" testType="13cdc9d9-ddb5-4fa4-a97d-d965ccfc6d4b" outcome="Passed" testListId="8c84fa94-04c1-424b-9868-57a2d4851a1d" relativeResultsDirectory="a7d11199-cf18-46fe-867b-7d3c35811747">
    </UnitTestResult>
    <UnitTestResult executionId="353d77c5-dcba-4fa1-8b23-5a8e8927cf9b" testId="071af663-d213-e66f-970c-d4c59d09ad55" testName="StatisticsMedianTest3" computerName="DLEPELLEY-VE" duration="00:00:00.0003207" startTime="2013-07-16T12:10:56.6281260+01:00" endTime="2013-07-16T12:10:56.6321263+01:00" testType="13cdc9d9-ddb5-4fa4-a97d-d965ccfc6d4b" outcome="Passed" testListId="8c84fa94-04c1-424b-9868-57a2d4851a1d" relativeResultsDirectory="353d77c5-dcba-4fa1-8b23-5a8e8927cf9b">
    </UnitTestResult>
    <UnitTestResult executionId="ad5495e1-eddb-431c-a3aa-aaab787913cf" testId="2cfe729b-358c-9bca-8ad2-bfc8aa33f6c3" testName="StatisticsMedianTest2" computerName="DLEPELLEY-VE" duration="00:00:00.0003557" startTime="2013-07-16T12:10:56.6351264+01:00" endTime="2013-07-16T12:10:56.6391267+01:00" testType="13cdc9d9-ddb5-4fa4-a97d-d965ccfc6d4b" outcome="Passed" testListId="8c84fa94-04c1-424b-9868-57a2d4851a1d" relativeResultsDirectory="ad5495e1-eddb-431c-a3aa-aaab787913cf">
    </UnitTestResult>
    <UnitTestResult executionId="760d3a34-dbdc-4945-9055-c548fdf72bff" testId="b3e776b3-4958-6637-5ade-9799124b5d3f" testName="StatisticsMedianTest1" computerName="DLEPELLEY-VE" duration="00:00:00.0004802" startTime="2013-07-16T12:10:56.6401267+01:00" endTime="2013-07-16T12:10:56.6451270+01:00" testType="13cdc9d9-ddb5-4fa4-a97d-d965ccfc6d4b" outcome="Passed" testListId="8c84fa94-04c1-424b-9868-57a2d4851a1d" relativeResultsDirectory="760d3a34-dbdc-4945-9055-c548fdf72bff">
    </UnitTestResult>
    <UnitTestResult executionId="6d4438e8-c078-473b-84cf-384b3412c07f" testId="7f33271b-a0c2-db6c-22c1-c0ae51c9ed6d" testName="StatisticsMeanTest3" computerName="DLEPELLEY-VE" duration="00:00:00.0008120" startTime="2013-07-16T12:10:56.6481272+01:00" endTime="2013-07-16T12:10:56.6521274+01:00" testType="13cdc9d9-ddb5-4fa4-a97d-d965ccfc6d4b" outcome="Passed" testListId="8c84fa94-04c1-424b-9868-57a2d4851a1d" relativeResultsDirectory="6d4438e8-c078-473b-84cf-384b3412c07f">
    </UnitTestResult>
    <UnitTestResult executionId="78be167e-303e-46d8-9fb9-a7a0c5264f27" testId="2102b3f2-cc6b-221a-24df-8225b8862dc1" testName="StatisticsMeanTest2" computerName="DLEPELLEY-VE" duration="00:00:00.0005251" startTime="2013-07-16T12:10:56.6551276+01:00" endTime="2013-07-16T12:10:56.6601279+01:00" testType="13cdc9d9-ddb5-4fa4-a97d-d965ccfc6d4b" outcome="Passed" testListId="8c84fa94-04c1-424b-9868-57a2d4851a1d" relativeResultsDirectory="78be167e-303e-46d8-9fb9-a7a0c5264f27">
    </UnitTestResult>
    <UnitTestResult executionId="3b12c564-e808-40cf-b394-a91aaaf7fbb0" testId="7dc5aa2a-f587-b4b0-b5dd-0232934ab41a" testName="StatisticsMeanTest1" computerName="DLEPELLEY-VE" duration="00:00:00.0003587" startTime="2013-07-16T12:10:56.6631281+01:00" endTime="2013-07-16T12:10:56.6651282+01:00" testType="13cdc9d9-ddb5-4fa4-a97d-d965ccfc6d4b" outcome="Passed" testListId="8c84fa94-04c1-424b-9868-57a2d4851a1d" relativeResultsDirectory="3b12c564-e808-40cf-b394-a91aaaf7fbb0">
    </UnitTestResult>
    <UnitTestResult executionId="8e4798b9-70f9-40c8-b892-41eaf0572d69" testId="99e87fb8-14a5-bdd8-804f-d36f07d49ff7" testName="StatisticsLowerQuartileTest2" computerName="DLEPELLEY-VE" duration="00:00:00.0002544" startTime="2013-07-16T12:10:56.6671283+01:00" endTime="2013-07-16T12:10:56.6711285+01:00" testType="13cdc9d9-ddb5-4fa4-a97d-d965ccfc6d4b" outcome="Passed" testListId="8c84fa94-04c1-424b-9868-57a2d4851a1d" relativeResultsDirectory="8e4798b9-70f9-40c8-b892-41eaf0572d69">
    </UnitTestResult>
    <UnitTestResult executionId="84551485-d622-43ae-a65d-0208f1697e78" testId="ff56e7ed-42a7-219f-3d04-58682c94e982" testName="StatisticsLowerQuartileTest1" computerName="DLEPELLEY-VE" duration="00:00:00.0003604" startTime="2013-07-16T12:10:56.6721286+01:00" endTime="2013-07-16T12:10:56.6771289+01:00" testType="13cdc9d9-ddb5-4fa4-a97d-d965ccfc6d4b" outcome="Passed" testListId="8c84fa94-04c1-424b-9868-57a2d4851a1d" relativeResultsDirectory="84551485-d622-43ae-a65d-0208f1697e78">
    </UnitTestResult>
    <UnitTestResult executionId="bbc7a668-7270-4816-9255-cf3cacc7fbb9" testId="d7bdd346-512b-641b-efe6-3059f40a8cd8" testName="StatisticsLowerControl3SigmaTest1" computerName="DLEPELLEY-VE" duration="00:00:00.0003164" startTime="2013-07-16T12:10:56.6781289+01:00" endTime="2013-07-16T12:10:56.6801290+01:00" testType="13cdc9d9-ddb5-4fa4-a97d-d965ccfc6d4b" outcome="Passed" testListId="8c84fa94-04c1-424b-9868-57a2d4851a1d" relativeResultsDirectory="bbc7a668-7270-4816-9255-cf3cacc7fbb9">
    </UnitTestResult>
    <UnitTestResult executionId="e1781f33-db77-4094-afd8-56a54a55cb6c" testId="d4486191-a639-1630-21ce-ce79d5cb3326" testName="StatisticsExponentialDistributionTest2" computerName="DLEPELLEY-VE" duration="00:00:00.0002403" startTime="2013-07-16T12:10:56.6871294+01:00" endTime="2013-07-16T12:10:56.6931298+01:00" testType="13cdc9d9-ddb5-4fa4-a97d-d965ccfc6d4b" outcome="Passed" testListId="8c84fa94-04c1-424b-9868-57a2d4851a1d" relativeResultsDirectory="e1781f33-db77-4094-afd8-56a54a55cb6c">
    </UnitTestResult>
    <UnitTestResult executionId="9aada8a5-40cd-43d2-ab8d-999fd639ce64" testId="f5e3a2cc-0da9-a31a-3515-29c4ae3fc0ea" testName="StatisticsExponentialDistributionTest1" computerName="DLEPELLEY-VE" duration="00:00:00.0002253" startTime="2013-07-16T12:10:56.6941298+01:00" endTime="2013-07-16T12:10:56.6971300+01:00" testType="13cdc9d9-ddb5-4fa4-a97d-d965ccfc6d4b" outcome="Passed" testListId="8c84fa94-04c1-424b-9868-57a2d4851a1d" relativeResultsDirectory="9aada8a5-40cd-43d2-ab8d-999fd639ce64">
    </UnitTestResult>
    <UnitTestResult executionId="abdd2125-7329-48b5-880a-0df2f1ee303e" testId="01588bce-19c0-0e14-e55b-6a9dd8607ed4" testName="StatisticsEstimateStandardErrorTest1" computerName="DLEPELLEY-VE" duration="00:00:00.0005080" startTime="2013-07-16T12:10:56.6991301+01:00" endTime="2013-07-16T12:10:56.7021303+01:00" testType="13cdc9d9-ddb5-4fa4-a97d-d965ccfc6d4b" outcome="Passed" testListId="8c84fa94-04c1-424b-9868-57a2d4851a1d" relativeResultsDirectory="abdd2125-7329-48b5-880a-0df2f1ee303e">
    </UnitTestResult>
    <UnitTestResult executionId="c2edb96c-c66b-4817-804d-c04c09408183" testId="2393a279-11f3-8e59-cca3-5cccc9a7765c" testName="StatisticsCyhelskySkewTest3" computerName="DLEPELLEY-VE" duration="00:00:00.0002578" startTime="2013-07-16T12:10:56.7041304+01:00" endTime="2013-07-16T12:10:56.7071306+01:00" testType="13cdc9d9-ddb5-4fa4-a97d-d965ccfc6d4b" outcome="Passed" testListId="8c84fa94-04c1-424b-9868-57a2d4851a1d" relativeResultsDirectory="c2edb96c-c66b-4817-804d-c04c09408183">
    </UnitTestResult>
    <UnitTestResult executionId="851fec36-a55b-41ec-9938-48f7eb0fcecb" testId="75296183-6464-e423-525e-34eeaacc24b1" testName="StatisticsCyhelskySkewTest2" computerName="DLEPELLEY-VE" duration="00:00:00.0003036" startTime="2013-07-16T12:10:56.7091307+01:00" endTime="2013-07-16T12:10:56.7131309+01:00" testType="13cdc9d9-ddb5-4fa4-a97d-d965ccfc6d4b" outcome="Passed" testListId="8c84fa94-04c1-424b-9868-57a2d4851a1d" relativeResultsDirectory="851fec36-a55b-41ec-9938-48f7eb0fcecb">
    </UnitTestResult>
    <UnitTestResult executionId="98271103-1504-4660-ac68-32f8e4729bf9" testId="65415a8e-be3c-758e-b719-149bcba4e2c9" testName="StatisticsCyhelskySkewTest1" computerName="DLEPELLEY-VE" duration="00:00:00.0002309" startTime="2013-07-16T12:10:56.7141310+01:00" endTime="2013-07-16T12:10:56.7181312+01:00" testType="13cdc9d9-ddb5-4fa4-a97d-d965ccfc6d4b" outcome="Passed" testListId="8c84fa94-04c1-424b-9868-57a2d4851a1d" relativeResultsDirectory="98271103-1504-4660-ac68-32f8e4729bf9">
    </UnitTestResult>
    <UnitTestResult executionId="de651ae5-1089-409a-9f40-c042fb52f1b6" testId="560a73d2-43e0-8ff5-1c67-88b6eedd67fa" testName="StatisticsChebysheffRatioTest4" computerName="DLEPELLEY-VE" duration="00:00:00.0003566" startTime="2013-07-16T12:10:56.7191313+01:00" endTime="2013-07-16T12:10:56.7231315+01:00" testType="13cdc9d9-ddb5-4fa4-a97d-d965ccfc6d4b" outcome="Passed" testListId="8c84fa94-04c1-424b-9868-57a2d4851a1d" relativeResultsDirectory="de651ae5-1089-409a-9f40-c042fb52f1b6">
    </UnitTestResult>
    <UnitTestResult executionId="b7fa6008-91be-4ee2-96c9-06db09017b70" testId="f040dc20-d1ab-e501-0cdd-c49be3f67d73" testName="StatisticsChebysheffRatioTest3" computerName="DLEPELLEY-VE" duration="00:00:00.0003164" startTime="2013-07-16T12:10:56.7251316+01:00" endTime="2013-07-16T12:10:56.7281318+01:00" testType="13cdc9d9-ddb5-4fa4-a97d-d965ccfc6d4b" outcome="Passed" testListId="8c84fa94-04c1-424b-9868-57a2d4851a1d" relativeResultsDirectory="b7fa6008-91be-4ee2-96c9-06db09017b70">
    </UnitTestResult>
    <UnitTestResult executionId="6f34cd90-d278-445c-9732-4d7034f52f2b" testId="519b3c1b-8284-89ce-2bae-272f72108bd5" testName="StatisticsChebysheffRatioTest2" computerName="DLEPELLEY-VE" duration="00:00:00.0003087" startTime="2013-07-16T12:10:56.7291318+01:00" endTime="2013-07-16T12:10:56.7341321+01:00" testType="13cdc9d9-ddb5-4fa4-a97d-d965ccfc6d4b" outcome="Passed" testListId="8c84fa94-04c1-424b-9868-57a2d4851a1d" relativeResultsDirectory="6f34cd90-d278-445c-9732-4d7034f52f2b">
    </UnitTestResult>
    <UnitTestResult executionId="6be4b522-8ac7-4159-9847-f2c40ef1581c" testId="dfd7860b-9b07-5f5a-fdb0-0f043cd4f6e2" testName="StatisticsChebysheffRatioTest1" computerName="DLEPELLEY-VE" duration="00:00:00.0002989" startTime="2013-07-16T12:10:56.7371323+01:00" endTime="2013-07-16T12:10:56.7411325+01:00" testType="13cdc9d9-ddb5-4fa4-a97d-d965ccfc6d4b" outcome="Passed" testListId="8c84fa94-04c1-424b-9868-57a2d4851a1d" relativeResultsDirectory="6be4b522-8ac7-4159-9847-f2c40ef1581c">
    </UnitTestResult>
    <UnitTestResult executionId="22a604ac-86ea-44e0-b193-b367471775b1" testId="3f466c80-e5c6-b559-cae0-d7580d9b5f8b" testName="StatisticsBiNomialTest3" computerName="DLEPELLEY-VE" duration="00:00:00.0004019" startTime="2013-07-16T12:10:56.7441327+01:00" endTime="2013-07-16T12:10:56.7481329+01:00" testType="13cdc9d9-ddb5-4fa4-a97d-d965ccfc6d4b" outcome="Passed" testListId="8c84fa94-04c1-424b-9868-57a2d4851a1d" relativeResultsDirectory="22a604ac-86ea-44e0-b193-b367471775b1">
    </UnitTestResult>
    <UnitTestResult executionId="4d103222-a902-4ee8-baeb-4c2d357538d2" testId="5d62fbc6-ccf7-3ab9-81af-9267fe431730" testName="StatisticsBiNomialTest2" computerName="DLEPELLEY-VE" duration="00:00:00.0002980" startTime="2013-07-16T12:10:56.7501330+01:00" endTime="2013-07-16T12:10:56.7601336+01:00" testType="13cdc9d9-ddb5-4fa4-a97d-d965ccfc6d4b" outcome="Passed" testListId="8c84fa94-04c1-424b-9868-57a2d4851a1d" relativeResultsDirectory="4d103222-a902-4ee8-baeb-4c2d357538d2">
    </UnitTestResult>
    <UnitTestResult executionId="10222cdc-6247-4dc1-9b58-c072f0726709" testId="aa2d1779-bcda-f75a-8d16-bdf94d08d579" testName="StatisticsBiNomialTest1" computerName="DLEPELLEY-VE" duration="00:00:00.0002185" startTime="2013-07-16T12:10:56.7611337+01:00" endTime="2013-07-16T12:10:56.7671340+01:00" testType="13cdc9d9-ddb5-4fa4-a97d-d965ccfc6d4b" outcome="Passed" testListId="8c84fa94-04c1-424b-9868-57a2d4851a1d" relativeResultsDirectory="10222cdc-6247-4dc1-9b58-c072f0726709">
    </UnitTestResult>
    <UnitTestResult executionId="8269fb46-5682-466a-ae53-fb7b495b317c" testId="badc6ecf-6b81-3e7f-ba84-d18686f862dd" testName="PopulatorTest1" computerName="DLEPELLEY-VE" duration="00:00:00.0156566" startTime="2013-07-16T12:10:56.7791347+01:00" endTime="2013-07-16T12:10:56.8071363+01:00" testType="13cdc9d9-ddb5-4fa4-a97d-d965ccfc6d4b" outcome="Passed" testListId="8c84fa94-04c1-424b-9868-57a2d4851a1d" relativeResultsDirectory="8269fb46-5682-466a-ae53-fb7b495b317c">
    </UnitTestResult>
    <UnitTestResult executionId="b0ab1402-4933-45cf-a597-020b2106b546" testId="6abc2210-ddd4-034b-b2ff-4ecc00cadd20" testName="MortTest1" computerName="DLEPELLEY-VE" duration="00:00:00.0003775" startTime="2013-07-16T12:10:56.8111365+01:00" endTime="2013-07-16T12:10:56.8161368+01:00" testType="13cdc9d9-ddb5-4fa4-a97d-d965ccfc6d4b" outcome="Passed" testListId="8c84fa94-04c1-424b-9868-57a2d4851a1d" relativeResultsDirectory="b0ab1402-4933-45cf-a597-020b2106b546">
    </UnitTestResult>
    <UnitTestResult executionId="818fe221-b396-40cd-ac27-9ef1695d654b" testId="e55ca91a-0935-016d-7e90-50c5811bc777" testName="MockRepositoryTest2" computerName="DLEPELLEY-VE" duration="00:00:00.0200594" startTime="2013-07-16T12:10:56.8171369+01:00" endTime="2013-07-16T12:10:56.8411382+01:00" testType="13cdc9d9-ddb5-4fa4-a97d-d965ccfc6d4b" outcome="Passed" testListId="8c84fa94-04c1-424b-9868-57a2d4851a1d" relativeResultsDirectory="818fe221-b396-40cd-ac27-9ef1695d654b">
    </UnitTestResult>
    <UnitTestResult executionId="ca91350e-e2b6-42cd-9b60-293273e5fd51" testId="3a9a2ce8-1433-7d7d-25b4-39d859d81dab" testName="MockRepositoryTest1" computerName="DLEPELLEY-VE" duration="00:00:00.0015099" startTime="2013-07-16T12:10:56.8421383+01:00" endTime="2013-07-16T12:10:56.8521389+01:00" testType="13cdc9d9-ddb5-4fa4-a97d-d965ccfc6d4b" outcome="Passed" testListId="8c84fa94-04c1-424b-9868-57a2d4851a1d" relativeResultsDirectory="ca91350e-e2b6-42cd-9b60-293273e5fd51">
    </UnitTestResult>
  </Results>
</TestRun>