<?xml version="1.0" encoding="UTF-8"?>
<TestRun id="ea90b219-9b2d-4786-8fc4-d907e74a09d3" name="dlepelley@DLEPELLEY-VE 2013-07-24 17:02:35" runUser="dlepelley-VE\dlepelley" xmlns="http://microsoft.com/schemas/VisualStudio/TeamTest/2010">
  <TestSettings name="Local" id="be81803b-c813-48ad-959c-dcd02ef2e904">
    <Description>These are default test settings for a local test run.</Description>
    <Deployment enabled="false" runDeploymentRoot="dlepelley_DLEPELLEY-VE 2013-07-24 17_02_35">
      <DeploymentItem filename="C:\Users\dlepelley\Documents\Code\Newton Framework\Newton.Dev\bin\Release\Newton.Dev.dll" />
      <DeploymentItem filename="C:\Users\dlepelley\Documents\Code\Newton Framework\Newton.Testing\bin\Release\Newton.Testing.dll" />
      <DeploymentItem filename="C:\Users\dlepelley\Documents\Newton Framework Build\Newton.Data.dll" />
      <DeploymentItem filename="C:\Users\dlepelley\Documents\Code\Newton Framework\Newton.Core\bin\Release\Newton.Core.dll" />
    </Deployment>
    <Execution>
      <TestTypeSpecific />
      <AgentRule name="Execution Agents">
      </AgentRule>
    </Execution>
  </TestSettings>
  <Times creation="2013-07-24T17:02:35.5596903+01:00" queuing="2013-07-24T17:02:35.6166935+01:00" start="2013-07-24T17:02:35.6526956+01:00" finish="2013-07-24T17:02:36.0057158+01:00" />
  <ResultSummary outcome="Completed">
    <Counters total="2" executed="2" passed="2" error="0" failed="0" timeout="0" aborted="0" inconclusive="0" passedButRunAborted="0" notRunnable="0" notExecuted="0" disconnected="0" warning="0" completed="0" inProgress="0" pending="0" />
  </ResultSummary>
  <TestDefinitions>
    <UnitTest name="IsNotEqualToRuleTest2" storage="c:\users\dlepelley\documents\code\newton framework\test.newtonframework\test.newtonframework\bin\release\test.newtonframework.dll" id="f6fa2050-7ce8-c3d5-7eca-efaab3e4c43d">
      <Owners>
        <Owner name="PresetRules.IsNotEqualTo" />
      </Owners>
      <Execution id="233fc937-a5da-4315-98b8-fdb7e296305c" />
      <TestMethod codeBase="C:/Users/dlepelley/Documents/Code/Newton Framework/Test.NewtonFramework/Test.NewtonFramework/bin/Release/Test.NewtonFramework.DLL" adapterTypeName="Microsoft.VisualStudio.TestTools.TestTypes.Unit.UnitTestAdapter, Microsoft.VisualStudio.QualityTools.Tips.UnitTest.Adapter, Version=10.0.0.0, Culture=neutral, PublicKeyToken=b03f5f7f11d50a3a" className="Test.NewtonFramework.IsNotEqualToRuleTest, Test.NewtonFramework, Version=1.0.0.0, Culture=neutral, PublicKeyToken=null" name="IsNotEqualToRuleTest2" />
    </UnitTest>
    <UnitTest name="IsNotEqualToRuleTest1" storage="c:\users\dlepelley\documents\code\newton framework\test.newtonframework\test.newtonframework\bin\release\test.newtonframework.dll" id="715e1e90-6928-9268-dc0c-2086eac99dde">
      <Owners>
        <Owner name="PresetRules.IsNotEqualTo" />
      </Owners>
      <Execution id="7a388ddf-afad-44a9-adb2-59e9c9e0532b" />
      <TestMethod codeBase="C:/Users/dlepelley/Documents/Code/Newton Framework/Test.NewtonFramework/Test.NewtonFramework/bin/Release/Test.NewtonFramework.DLL" adapterTypeName="Microsoft.VisualStudio.TestTools.TestTypes.Unit.UnitTestAdapter, Microsoft.VisualStudio.QualityTools.Tips.UnitTest.Adapter, Version=10.0.0.0, Culture=neutral, PublicKeyToken=b03f5f7f11d50a3a" className="Test.NewtonFramework.IsNotEqualToRuleTest, Test.NewtonFramework, Version=1.0.0.0, Culture=neutral, PublicKeyToken=null" name="IsNotEqualToRuleTest1" />
    </UnitTest>
  </TestDefinitions>
  <TestLists>
    <TestList name="Results Not in a List" id="8c84fa94-04c1-424b-9868-57a2d4851a1d" />
    <TestList name="All Loaded Results" id="19431567-8539-422a-85d7-44ee4e166bda" />
  </TestLists>
  <TestEntries>
    <TestEntry testId="f6fa2050-7ce8-c3d5-7eca-efaab3e4c43d" executionId="233fc937-a5da-4315-98b8-fdb7e296305c" testListId="8c84fa94-04c1-424b-9868-57a2d4851a1d" />
    <TestEntry testId="715e1e90-6928-9268-dc0c-2086eac99dde" executionId="7a388ddf-afad-44a9-adb2-59e9c9e0532b" testListId="8c84fa94-04c1-424b-9868-57a2d4851a1d" />
  </TestEntries>
  <Results>
    <UnitTestResult executionId="233fc937-a5da-4315-98b8-fdb7e296305c" testId="f6fa2050-7ce8-c3d5-7eca-efaab3e4c43d" testName="IsNotEqualToRuleTest2" computerName="DLEPELLEY-VE" duration="00:00:00.0213387" startTime="2013-07-24T17:02:35.6656963+01:00" endTime="2013-07-24T17:02:35.9697137+01:00" testType="13cdc9d9-ddb5-4fa4-a97d-d965ccfc6d4b" outcome="Passed" testListId="8c84fa94-04c1-424b-9868-57a2d4851a1d" relativeResultsDirectory="233fc937-a5da-4315-98b8-fdb7e296305c">
    </UnitTestResult>
    <UnitTestResult executionId="7a388ddf-afad-44a9-adb2-59e9c9e0532b" testId="715e1e90-6928-9268-dc0c-2086eac99dde" testName="IsNotEqualToRuleTest1" computerName="DLEPELLEY-VE" duration="00:00:00.0009548" startTime="2013-07-24T17:02:35.9707138+01:00" endTime="2013-07-24T17:02:35.9857146+01:00" testType="13cdc9d9-ddb5-4fa4-a97d-d965ccfc6d4b" outcome="Passed" testListId="8c84fa94-04c1-424b-9868-57a2d4851a1d" relativeResultsDirectory="7a388ddf-afad-44a9-adb2-59e9c9e0532b">
    </UnitTestResult>
  </Results>
</TestRun>