<?xml version="1.0" encoding="UTF-8"?>
<TestRun id="6b1390ae-6ee3-4588-b6bc-af58e141f84e" name="dlepelley@DLEPELLEY-VE 2013-07-12 17:04:19" runUser="dlepelley-VE\dlepelley" xmlns="http://microsoft.com/schemas/VisualStudio/TeamTest/2010">
  <TestSettings name="Local" id="be81803b-c813-48ad-959c-dcd02ef2e904">
    <Description>These are default test settings for a local test run.</Description>
    <Deployment enabled="false" runDeploymentRoot="dlepelley_DLEPELLEY-VE 2013-07-12 17_04_19">
      <DeploymentItem filename="C:\Users\dlepelley\Documents\Code\Newton Framework\Newton.Dev\bin\Release\Newton.Dev.dll" />
      <DeploymentItem filename="C:\Users\dlepelley\Documents\Code\Newton Framework\Newton.Testing\bin\Release\Newton.Testing.dll" />
      <DeploymentItem filename="C:\Users\dlepelley\Documents\Newton Framework Build\Newton.DA.dll" />
    </Deployment>
    <Execution>
      <TestTypeSpecific />
      <AgentRule name="Execution Agents">
      </AgentRule>
    </Execution>
  </TestSettings>
  <Times creation="2013-07-12T17:04:19.1810974+01:00" queuing="2013-07-12T17:04:23.8213628+01:00" start="2013-07-12T17:04:24.2373866+01:00" finish="2013-07-12T17:04:28.0646055+01:00" />
  <ResultSummary outcome="Completed">
    <Counters total="47" executed="47" passed="47" error="0" failed="0" timeout="0" aborted="0" inconclusive="0" passedButRunAborted="0" notRunnable="0" notExecuted="0" disconnected="0" warning="0" completed="0" inProgress="0" pending="0" />
  </ResultSummary>
  <TestDefinitions>
    <UnitTest name="StatisticsChebysheffRatioTest2" storage="c:\users\dlepelley\documents\code\newton framework\test.newtonframework\test.newtonframework\bin\release\test.newtonframework.dll" id="519b3c1b-8284-89ce-2bae-272f72108bd5">
      <Execution id="8eac2da3-a994-4d9f-96e2-50c358c3871f" />
      <TestMethod codeBase="C:/Users/dlepelley/Documents/Code/Newton Framework/Test.NewtonFramework/Test.NewtonFramework/bin/Release/Test.NewtonFramework.DLL" adapterTypeName="Microsoft.VisualStudio.TestTools.TestTypes.Unit.UnitTestAdapter, Microsoft.VisualStudio.QualityTools.Tips.UnitTest.Adapter, Version=10.0.0.0, Culture=neutral, PublicKeyToken=b03f5f7f11d50a3a" className="Test.NewtonFramework.StatisticsTest, Test.NewtonFramework, Version=1.0.0.0, Culture=neutral, PublicKeyToken=null" name="StatisticsChebysheffRatioTest2" />
    </UnitTest>
    <UnitTest name="StatisticsUpperQuartileTest2" storage="c:\users\dlepelley\documents\code\newton framework\test.newtonframework\test.newtonframework\bin\release\test.newtonframework.dll" id="5b9a0eb2-2d9b-c339-0dfa-9c6620c11d9a">
      <Execution id="5ecc9b69-0ba7-4b76-a170-82166c8aa5cf" />
      <TestMethod codeBase="C:/Users/dlepelley/Documents/Code/Newton Framework/Test.NewtonFramework/Test.NewtonFramework/bin/Release/Test.NewtonFramework.DLL" adapterTypeName="Microsoft.VisualStudio.TestTools.TestTypes.Unit.UnitTestAdapter, Microsoft.VisualStudio.QualityTools.Tips.UnitTest.Adapter, Version=10.0.0.0, Culture=neutral, PublicKeyToken=b03f5f7f11d50a3a" className="Test.NewtonFramework.StatisticsTest, Test.NewtonFramework, Version=1.0.0.0, Culture=neutral, PublicKeyToken=null" name="StatisticsUpperQuartileTest2" />
    </UnitTest>
    <UnitTest name="StatisticsBiNomialTest1" storage="c:\users\dlepelley\documents\code\newton framework\test.newtonframework\test.newtonframework\bin\release\test.newtonframework.dll" id="aa2d1779-bcda-f75a-8d16-bdf94d08d579">
      <Execution id="d3051402-f8a4-4260-a437-b85eb216edff" />
      <TestMethod codeBase="C:/Users/dlepelley/Documents/Code/Newton Framework/Test.NewtonFramework/Test.NewtonFramework/bin/Release/Test.NewtonFramework.DLL" adapterTypeName="Microsoft.VisualStudio.TestTools.TestTypes.Unit.UnitTestAdapter, Microsoft.VisualStudio.QualityTools.Tips.UnitTest.Adapter, Version=10.0.0.0, Culture=neutral, PublicKeyToken=b03f5f7f11d50a3a" className="Test.NewtonFramework.StatisticsTest, Test.NewtonFramework, Version=1.0.0.0, Culture=neutral, PublicKeyToken=null" name="StatisticsBiNomialTest1" />
    </UnitTest>
    <UnitTest name="StatisticsUpperControl3SigmaTest1" storage="c:\users\dlepelley\documents\code\newton framework\test.newtonframework\test.newtonframework\bin\release\test.newtonframework.dll" id="5c310277-b3dc-735a-aa6d-7b768f6ee3d4">
      <Execution id="af3ae16d-a210-42d5-8c7a-64c4662a4159" />
      <TestMethod codeBase="C:/Users/dlepelley/Documents/Code/Newton Framework/Test.NewtonFramework/Test.NewtonFramework/bin/Release/Test.NewtonFramework.DLL" adapterTypeName="Microsoft.VisualStudio.TestTools.TestTypes.Unit.UnitTestAdapter, Microsoft.VisualStudio.QualityTools.Tips.UnitTest.Adapter, Version=10.0.0.0, Culture=neutral, PublicKeyToken=b03f5f7f11d50a3a" className="Test.NewtonFramework.StatisticsTest, Test.NewtonFramework, Version=1.0.0.0, Culture=neutral, PublicKeyToken=null" name="StatisticsUpperControl3SigmaTest1" />
    </UnitTest>
    <UnitTest name="StatisticsMeanTest1" storage="c:\users\dlepelley\documents\code\newton framework\test.newtonframework\test.newtonframework\bin\release\test.newtonframework.dll" id="7dc5aa2a-f587-b4b0-b5dd-0232934ab41a">
      <Execution id="94ba7307-86cc-4d75-b9aa-c157b04c5751" />
      <TestMethod codeBase="C:/Users/dlepelley/Documents/Code/Newton Framework/Test.NewtonFramework/Test.NewtonFramework/bin/Release/Test.NewtonFramework.DLL" adapterTypeName="Microsoft.VisualStudio.TestTools.TestTypes.Unit.UnitTestAdapter, Microsoft.VisualStudio.QualityTools.Tips.UnitTest.Adapter, Version=10.0.0.0, Culture=neutral, PublicKeyToken=b03f5f7f11d50a3a" className="Test.NewtonFramework.StatisticsTest, Test.NewtonFramework, Version=1.0.0.0, Culture=neutral, PublicKeyToken=null" name="StatisticsMeanTest1" />
    </UnitTest>
    <UnitTest name="StatisticsNormalDistributionTest1" storage="c:\users\dlepelley\documents\code\newton framework\test.newtonframework\test.newtonframework\bin\release\test.newtonframework.dll" id="926fca82-ec44-de40-9e03-39b909fa2370">
      <Execution id="124f4ba1-3eb0-426a-8adc-ce0110921e59" />
      <TestMethod codeBase="C:/Users/dlepelley/Documents/Code/Newton Framework/Test.NewtonFramework/Test.NewtonFramework/bin/Release/Test.NewtonFramework.DLL" adapterTypeName="Microsoft.VisualStudio.TestTools.TestTypes.Unit.UnitTestAdapter, Microsoft.VisualStudio.QualityTools.Tips.UnitTest.Adapter, Version=10.0.0.0, Culture=neutral, PublicKeyToken=b03f5f7f11d50a3a" className="Test.NewtonFramework.StatisticsTest, Test.NewtonFramework, Version=1.0.0.0, Culture=neutral, PublicKeyToken=null" name="StatisticsNormalDistributionTest1" />
    </UnitTest>
    <UnitTest name="StatisticsLowerQuartileTest1" storage="c:\users\dlepelley\documents\code\newton framework\test.newtonframework\test.newtonframework\bin\release\test.newtonframework.dll" id="ff56e7ed-42a7-219f-3d04-58682c94e982">
      <Execution id="73aa389d-f6ac-49e3-83bb-affad2f81f3c" />
      <TestMethod codeBase="C:/Users/dlepelley/Documents/Code/Newton Framework/Test.NewtonFramework/Test.NewtonFramework/bin/Release/Test.NewtonFramework.DLL" adapterTypeName="Microsoft.VisualStudio.TestTools.TestTypes.Unit.UnitTestAdapter, Microsoft.VisualStudio.QualityTools.Tips.UnitTest.Adapter, Version=10.0.0.0, Culture=neutral, PublicKeyToken=b03f5f7f11d50a3a" className="Test.NewtonFramework.StatisticsTest, Test.NewtonFramework, Version=1.0.0.0, Culture=neutral, PublicKeyToken=null" name="StatisticsLowerQuartileTest1" />
    </UnitTest>
    <UnitTest name="StatisticsChebysheffRatioTest3" storage="c:\users\dlepelley\documents\code\newton framework\test.newtonframework\test.newtonframework\bin\release\test.newtonframework.dll" id="f040dc20-d1ab-e501-0cdd-c49be3f67d73">
      <Execution id="0143de16-6b2c-4b1f-a5de-f0840b686bb3" />
      <TestMethod codeBase="C:/Users/dlepelley/Documents/Code/Newton Framework/Test.NewtonFramework/Test.NewtonFramework/bin/Release/Test.NewtonFramework.DLL" adapterTypeName="Microsoft.VisualStudio.TestTools.TestTypes.Unit.UnitTestAdapter, Microsoft.VisualStudio.QualityTools.Tips.UnitTest.Adapter, Version=10.0.0.0, Culture=neutral, PublicKeyToken=b03f5f7f11d50a3a" className="Test.NewtonFramework.StatisticsTest, Test.NewtonFramework, Version=1.0.0.0, Culture=neutral, PublicKeyToken=null" name="StatisticsChebysheffRatioTest3" />
    </UnitTest>
    <UnitTest name="StatisticsOutcomeTest1" storage="c:\users\dlepelley\documents\code\newton framework\test.newtonframework\test.newtonframework\bin\release\test.newtonframework.dll" id="82e1e8c4-8981-5c13-5b87-22183332d326">
      <Execution id="58473d36-69f8-4b6c-9ddf-78484458d8ee" />
      <TestMethod codeBase="C:/Users/dlepelley/Documents/Code/Newton Framework/Test.NewtonFramework/Test.NewtonFramework/bin/Release/Test.NewtonFramework.DLL" adapterTypeName="Microsoft.VisualStudio.TestTools.TestTypes.Unit.UnitTestAdapter, Microsoft.VisualStudio.QualityTools.Tips.UnitTest.Adapter, Version=10.0.0.0, Culture=neutral, PublicKeyToken=b03f5f7f11d50a3a" className="Test.NewtonFramework.StatisticsTest, Test.NewtonFramework, Version=1.0.0.0, Culture=neutral, PublicKeyToken=null" name="StatisticsOutcomeTest1" />
    </UnitTest>
    <UnitTest name="StatisticsExponentialDistributionTest1" storage="c:\users\dlepelley\documents\code\newton framework\test.newtonframework\test.newtonframework\bin\release\test.newtonframework.dll" id="f5e3a2cc-0da9-a31a-3515-29c4ae3fc0ea">
      <Execution id="8455f673-9eb4-433b-b20d-0109ea26b4af" />
      <TestMethod codeBase="C:/Users/dlepelley/Documents/Code/Newton Framework/Test.NewtonFramework/Test.NewtonFramework/bin/Release/Test.NewtonFramework.DLL" adapterTypeName="Microsoft.VisualStudio.TestTools.TestTypes.Unit.UnitTestAdapter, Microsoft.VisualStudio.QualityTools.Tips.UnitTest.Adapter, Version=10.0.0.0, Culture=neutral, PublicKeyToken=b03f5f7f11d50a3a" className="Test.NewtonFramework.StatisticsTest, Test.NewtonFramework, Version=1.0.0.0, Culture=neutral, PublicKeyToken=null" name="StatisticsExponentialDistributionTest1" />
    </UnitTest>
    <UnitTest name="StatisticsSummaryTest1" storage="c:\users\dlepelley\documents\code\newton framework\test.newtonframework\test.newtonframework\bin\release\test.newtonframework.dll" id="d3497b38-7973-13ae-70b4-7fb61cf6c2c3">
      <Execution id="18537a43-81f1-46ae-9e21-a5d3df019c76" />
      <TestMethod codeBase="C:/Users/dlepelley/Documents/Code/Newton Framework/Test.NewtonFramework/Test.NewtonFramework/bin/Release/Test.NewtonFramework.DLL" adapterTypeName="Microsoft.VisualStudio.TestTools.TestTypes.Unit.UnitTestAdapter, Microsoft.VisualStudio.QualityTools.Tips.UnitTest.Adapter, Version=10.0.0.0, Culture=neutral, PublicKeyToken=b03f5f7f11d50a3a" className="Test.NewtonFramework.StatisticsTest, Test.NewtonFramework, Version=1.0.0.0, Culture=neutral, PublicKeyToken=null" name="StatisticsSummaryTest1" />
    </UnitTest>
    <UnitTest name="StatisticsBiNomialTest2" storage="c:\users\dlepelley\documents\code\newton framework\test.newtonframework\test.newtonframework\bin\release\test.newtonframework.dll" id="5d62fbc6-ccf7-3ab9-81af-9267fe431730">
      <Execution id="88ebdf29-7f9a-4a12-b112-b07150daaf07" />
      <TestMethod codeBase="C:/Users/dlepelley/Documents/Code/Newton Framework/Test.NewtonFramework/Test.NewtonFramework/bin/Release/Test.NewtonFramework.DLL" adapterTypeName="Microsoft.VisualStudio.TestTools.TestTypes.Unit.UnitTestAdapter, Microsoft.VisualStudio.QualityTools.Tips.UnitTest.Adapter, Version=10.0.0.0, Culture=neutral, PublicKeyToken=b03f5f7f11d50a3a" className="Test.NewtonFramework.StatisticsTest, Test.NewtonFramework, Version=1.0.0.0, Culture=neutral, PublicKeyToken=null" name="StatisticsBiNomialTest2" />
    </UnitTest>
    <UnitTest name="StatisticsBiNomialTest3" storage="c:\users\dlepelley\documents\code\newton framework\test.newtonframework\test.newtonframework\bin\release\test.newtonframework.dll" id="3f466c80-e5c6-b559-cae0-d7580d9b5f8b">
      <Execution id="f1c703d8-cc6b-42fb-9302-4654514f02d3" />
      <TestMethod codeBase="C:/Users/dlepelley/Documents/Code/Newton Framework/Test.NewtonFramework/Test.NewtonFramework/bin/Release/Test.NewtonFramework.DLL" adapterTypeName="Microsoft.VisualStudio.TestTools.TestTypes.Unit.UnitTestAdapter, Microsoft.VisualStudio.QualityTools.Tips.UnitTest.Adapter, Version=10.0.0.0, Culture=neutral, PublicKeyToken=b03f5f7f11d50a3a" className="Test.NewtonFramework.StatisticsTest, Test.NewtonFramework, Version=1.0.0.0, Culture=neutral, PublicKeyToken=null" name="StatisticsBiNomialTest3" />
    </UnitTest>
    <UnitTest name="StatisticsMedianTest1" storage="c:\users\dlepelley\documents\code\newton framework\test.newtonframework\test.newtonframework\bin\release\test.newtonframework.dll" id="b3e776b3-4958-6637-5ade-9799124b5d3f">
      <Execution id="1725b57d-2933-491f-8fcd-c3e78bc463ba" />
      <TestMethod codeBase="C:/Users/dlepelley/Documents/Code/Newton Framework/Test.NewtonFramework/Test.NewtonFramework/bin/Release/Test.NewtonFramework.DLL" adapterTypeName="Microsoft.VisualStudio.TestTools.TestTypes.Unit.UnitTestAdapter, Microsoft.VisualStudio.QualityTools.Tips.UnitTest.Adapter, Version=10.0.0.0, Culture=neutral, PublicKeyToken=b03f5f7f11d50a3a" className="Test.NewtonFramework.StatisticsTest, Test.NewtonFramework, Version=1.0.0.0, Culture=neutral, PublicKeyToken=null" name="StatisticsMedianTest1" />
    </UnitTest>
    <UnitTest name="MockRepositoryTest2" storage="c:\users\dlepelley\documents\code\newton framework\test.newtonframework\test.newtonframework\bin\release\test.newtonframework.dll" id="e55ca91a-0935-016d-7e90-50c5811bc777">
      <Execution id="b3d8368f-8248-42e3-a49c-fb1bf5daea3a" />
      <TestMethod codeBase="C:/Users/dlepelley/Documents/Code/Newton Framework/Test.NewtonFramework/Test.NewtonFramework/bin/Release/Test.NewtonFramework.DLL" adapterTypeName="Microsoft.VisualStudio.TestTools.TestTypes.Unit.UnitTestAdapter, Microsoft.VisualStudio.QualityTools.Tips.UnitTest.Adapter, Version=10.0.0.0, Culture=neutral, PublicKeyToken=b03f5f7f11d50a3a" className="Test.NewtonFramework.MockRepositoryTest, Test.NewtonFramework, Version=1.0.0.0, Culture=neutral, PublicKeyToken=null" name="MockRepositoryTest2" />
    </UnitTest>
    <UnitTest name="StatisticsOutcomeTest2" storage="c:\users\dlepelley\documents\code\newton framework\test.newtonframework\test.newtonframework\bin\release\test.newtonframework.dll" id="7b0ed38c-e427-af57-36bf-200cfbdc69a6">
      <Execution id="219ee679-40f3-4008-8f2e-0ba629936fab" />
      <TestMethod codeBase="C:/Users/dlepelley/Documents/Code/Newton Framework/Test.NewtonFramework/Test.NewtonFramework/bin/Release/Test.NewtonFramework.DLL" adapterTypeName="Microsoft.VisualStudio.TestTools.TestTypes.Unit.UnitTestAdapter, Microsoft.VisualStudio.QualityTools.Tips.UnitTest.Adapter, Version=10.0.0.0, Culture=neutral, PublicKeyToken=b03f5f7f11d50a3a" className="Test.NewtonFramework.StatisticsTest, Test.NewtonFramework, Version=1.0.0.0, Culture=neutral, PublicKeyToken=null" name="StatisticsOutcomeTest2" />
    </UnitTest>
    <UnitTest name="StatisticsLowerQuartileTest2" storage="c:\users\dlepelley\documents\code\newton framework\test.newtonframework\test.newtonframework\bin\release\test.newtonframework.dll" id="99e87fb8-14a5-bdd8-804f-d36f07d49ff7">
      <Execution id="3946882e-7299-48d9-bbc4-47901ba885f6" />
      <TestMethod codeBase="C:/Users/dlepelley/Documents/Code/Newton Framework/Test.NewtonFramework/Test.NewtonFramework/bin/Release/Test.NewtonFramework.DLL" adapterTypeName="Microsoft.VisualStudio.TestTools.TestTypes.Unit.UnitTestAdapter, Microsoft.VisualStudio.QualityTools.Tips.UnitTest.Adapter, Version=10.0.0.0, Culture=neutral, PublicKeyToken=b03f5f7f11d50a3a" className="Test.NewtonFramework.StatisticsTest, Test.NewtonFramework, Version=1.0.0.0, Culture=neutral, PublicKeyToken=null" name="StatisticsLowerQuartileTest2" />
    </UnitTest>
    <UnitTest name="MortTest1" storage="c:\users\dlepelley\documents\code\newton framework\test.newtonframework\test.newtonframework\bin\release\test.newtonframework.dll" id="6abc2210-ddd4-034b-b2ff-4ecc00cadd20">
      <Execution id="09ee889a-1f76-42f1-ad34-8b0236953385" />
      <TestMethod codeBase="C:/Users/dlepelley/Documents/Code/Newton Framework/Test.NewtonFramework/Test.NewtonFramework/bin/Release/Test.NewtonFramework.DLL" adapterTypeName="Microsoft.VisualStudio.TestTools.TestTypes.Unit.UnitTestAdapter, Microsoft.VisualStudio.QualityTools.Tips.UnitTest.Adapter, Version=10.0.0.0, Culture=neutral, PublicKeyToken=b03f5f7f11d50a3a" className="Test.NewtonFramework.StatisticsTest, Test.NewtonFramework, Version=1.0.0.0, Culture=neutral, PublicKeyToken=null" name="MortTest1" />
    </UnitTest>
    <UnitTest name="StatisticsMedianTest2" storage="c:\users\dlepelley\documents\code\newton framework\test.newtonframework\test.newtonframework\bin\release\test.newtonframework.dll" id="2cfe729b-358c-9bca-8ad2-bfc8aa33f6c3">
      <Execution id="a0112e8c-34d5-41ec-ba99-a1d5f82f27aa" />
      <TestMethod codeBase="C:/Users/dlepelley/Documents/Code/Newton Framework/Test.NewtonFramework/Test.NewtonFramework/bin/Release/Test.NewtonFramework.DLL" adapterTypeName="Microsoft.VisualStudio.TestTools.TestTypes.Unit.UnitTestAdapter, Microsoft.VisualStudio.QualityTools.Tips.UnitTest.Adapter, Version=10.0.0.0, Culture=neutral, PublicKeyToken=b03f5f7f11d50a3a" className="Test.NewtonFramework.StatisticsTest, Test.NewtonFramework, Version=1.0.0.0, Culture=neutral, PublicKeyToken=null" name="StatisticsMedianTest2" />
    </UnitTest>
    <UnitTest name="StatisticsEstimateStandardErrorTest1" storage="c:\users\dlepelley\documents\code\newton framework\test.newtonframework\test.newtonframework\bin\release\test.newtonframework.dll" id="01588bce-19c0-0e14-e55b-6a9dd8607ed4">
      <Execution id="b5e4f52b-de8f-4bd5-9949-f39bb8bc98b2" />
      <TestMethod codeBase="C:/Users/dlepelley/Documents/Code/Newton Framework/Test.NewtonFramework/Test.NewtonFramework/bin/Release/Test.NewtonFramework.DLL" adapterTypeName="Microsoft.VisualStudio.TestTools.TestTypes.Unit.UnitTestAdapter, Microsoft.VisualStudio.QualityTools.Tips.UnitTest.Adapter, Version=10.0.0.0, Culture=neutral, PublicKeyToken=b03f5f7f11d50a3a" className="Test.NewtonFramework.StatisticsTest, Test.NewtonFramework, Version=1.0.0.0, Culture=neutral, PublicKeyToken=null" name="StatisticsEstimateStandardErrorTest1" />
    </UnitTest>
    <UnitTest name="MockRepositoryTest1" storage="c:\users\dlepelley\documents\code\newton framework\test.newtonframework\test.newtonframework\bin\release\test.newtonframework.dll" id="3a9a2ce8-1433-7d7d-25b4-39d859d81dab">
      <Execution id="62281ea4-5649-4e8e-aa8d-0454a38c3987" />
      <TestMethod codeBase="C:/Users/dlepelley/Documents/Code/Newton Framework/Test.NewtonFramework/Test.NewtonFramework/bin/Release/Test.NewtonFramework.DLL" adapterTypeName="Microsoft.VisualStudio.TestTools.TestTypes.Unit.UnitTestAdapter, Microsoft.VisualStudio.QualityTools.Tips.UnitTest.Adapter, Version=10.0.0.0, Culture=neutral, PublicKeyToken=b03f5f7f11d50a3a" className="Test.NewtonFramework.MockRepositoryTest, Test.NewtonFramework, Version=1.0.0.0, Culture=neutral, PublicKeyToken=null" name="MockRepositoryTest1" />
    </UnitTest>
    <UnitTest name="StatisticsPercentileTest2" storage="c:\users\dlepelley\documents\code\newton framework\test.newtonframework\test.newtonframework\bin\release\test.newtonframework.dll" id="67cfafae-6c55-2c46-5a76-f8ba73b5c9b7">
      <Execution id="28e6b706-f58a-4e6d-9800-659571a78fd8" />
      <TestMethod codeBase="C:/Users/dlepelley/Documents/Code/Newton Framework/Test.NewtonFramework/Test.NewtonFramework/bin/Release/Test.NewtonFramework.DLL" adapterTypeName="Microsoft.VisualStudio.TestTools.TestTypes.Unit.UnitTestAdapter, Microsoft.VisualStudio.QualityTools.Tips.UnitTest.Adapter, Version=10.0.0.0, Culture=neutral, PublicKeyToken=b03f5f7f11d50a3a" className="Test.NewtonFramework.StatisticsTest, Test.NewtonFramework, Version=1.0.0.0, Culture=neutral, PublicKeyToken=null" name="StatisticsPercentileTest2" />
    </UnitTest>
    <UnitTest name="StatisticsPercentileTrimTest1" storage="c:\users\dlepelley\documents\code\newton framework\test.newtonframework\test.newtonframework\bin\release\test.newtonframework.dll" id="dd897b1a-7a9b-5849-581c-9af754aedd88">
      <Execution id="388a689a-df24-4a75-933b-6d7051027b67" />
      <TestMethod codeBase="C:/Users/dlepelley/Documents/Code/Newton Framework/Test.NewtonFramework/Test.NewtonFramework/bin/Release/Test.NewtonFramework.DLL" adapterTypeName="Microsoft.VisualStudio.TestTools.TestTypes.Unit.UnitTestAdapter, Microsoft.VisualStudio.QualityTools.Tips.UnitTest.Adapter, Version=10.0.0.0, Culture=neutral, PublicKeyToken=b03f5f7f11d50a3a" className="Test.NewtonFramework.StatisticsTest, Test.NewtonFramework, Version=1.0.0.0, Culture=neutral, PublicKeyToken=null" name="StatisticsPercentileTrimTest1" />
    </UnitTest>
    <UnitTest name="StatisticsVarianceTest1" storage="c:\users\dlepelley\documents\code\newton framework\test.newtonframework\test.newtonframework\bin\release\test.newtonframework.dll" id="7a1e47ca-ef09-abc7-6ab4-44a5f53dde98">
      <Execution id="988b7446-7eb6-4230-8aed-ea5a645458d6" />
      <TestMethod codeBase="C:/Users/dlepelley/Documents/Code/Newton Framework/Test.NewtonFramework/Test.NewtonFramework/bin/Release/Test.NewtonFramework.DLL" adapterTypeName="Microsoft.VisualStudio.TestTools.TestTypes.Unit.UnitTestAdapter, Microsoft.VisualStudio.QualityTools.Tips.UnitTest.Adapter, Version=10.0.0.0, Culture=neutral, PublicKeyToken=b03f5f7f11d50a3a" className="Test.NewtonFramework.StatisticsTest, Test.NewtonFramework, Version=1.0.0.0, Culture=neutral, PublicKeyToken=null" name="StatisticsVarianceTest1" />
    </UnitTest>
    <UnitTest name="StatisticsPoissonProbabilityTest2" storage="c:\users\dlepelley\documents\code\newton framework\test.newtonframework\test.newtonframework\bin\release\test.newtonframework.dll" id="9dab9a8a-c40e-6be4-1b38-db0c5db5f22d">
      <Execution id="c6726dd3-face-4bcd-b6a1-f73d0547e23d" />
      <TestMethod codeBase="C:/Users/dlepelley/Documents/Code/Newton Framework/Test.NewtonFramework/Test.NewtonFramework/bin/Release/Test.NewtonFramework.DLL" adapterTypeName="Microsoft.VisualStudio.TestTools.TestTypes.Unit.UnitTestAdapter, Microsoft.VisualStudio.QualityTools.Tips.UnitTest.Adapter, Version=10.0.0.0, Culture=neutral, PublicKeyToken=b03f5f7f11d50a3a" className="Test.NewtonFramework.StatisticsTest, Test.NewtonFramework, Version=1.0.0.0, Culture=neutral, PublicKeyToken=null" name="StatisticsPoissonProbabilityTest2" />
    </UnitTest>
    <UnitTest name="StatisticsPoissonProbabilityTest1" storage="c:\users\dlepelley\documents\code\newton framework\test.newtonframework\test.newtonframework\bin\release\test.newtonframework.dll" id="cc749050-4588-f92d-8f56-a21b35c23f35">
      <Execution id="999d49c5-fc25-4d54-b8b8-78921d7b60db" />
      <TestMethod codeBase="C:/Users/dlepelley/Documents/Code/Newton Framework/Test.NewtonFramework/Test.NewtonFramework/bin/Release/Test.NewtonFramework.DLL" adapterTypeName="Microsoft.VisualStudio.TestTools.TestTypes.Unit.UnitTestAdapter, Microsoft.VisualStudio.QualityTools.Tips.UnitTest.Adapter, Version=10.0.0.0, Culture=neutral, PublicKeyToken=b03f5f7f11d50a3a" className="Test.NewtonFramework.StatisticsTest, Test.NewtonFramework, Version=1.0.0.0, Culture=neutral, PublicKeyToken=null" name="StatisticsPoissonProbabilityTest1" />
    </UnitTest>
    <UnitTest name="StatisticsVarianceTest2" storage="c:\users\dlepelley\documents\code\newton framework\test.newtonframework\test.newtonframework\bin\release\test.newtonframework.dll" id="783adf65-abbf-bc7e-08cb-16ba15ca9520">
      <Execution id="da111b36-0704-42f3-919a-232d98973526" />
      <TestMethod codeBase="C:/Users/dlepelley/Documents/Code/Newton Framework/Test.NewtonFramework/Test.NewtonFramework/bin/Release/Test.NewtonFramework.DLL" adapterTypeName="Microsoft.VisualStudio.TestTools.TestTypes.Unit.UnitTestAdapter, Microsoft.VisualStudio.QualityTools.Tips.UnitTest.Adapter, Version=10.0.0.0, Culture=neutral, PublicKeyToken=b03f5f7f11d50a3a" className="Test.NewtonFramework.StatisticsTest, Test.NewtonFramework, Version=1.0.0.0, Culture=neutral, PublicKeyToken=null" name="StatisticsVarianceTest2" />
    </UnitTest>
    <UnitTest name="StatisticsPercentileTrimTest2" storage="c:\users\dlepelley\documents\code\newton framework\test.newtonframework\test.newtonframework\bin\release\test.newtonframework.dll" id="041c6717-acfb-2db3-8f83-edd0f5d07dd1">
      <Execution id="74db43f8-f86a-469f-948e-49c33b4da1b6" />
      <TestMethod codeBase="C:/Users/dlepelley/Documents/Code/Newton Framework/Test.NewtonFramework/Test.NewtonFramework/bin/Release/Test.NewtonFramework.DLL" adapterTypeName="Microsoft.VisualStudio.TestTools.TestTypes.Unit.UnitTestAdapter, Microsoft.VisualStudio.QualityTools.Tips.UnitTest.Adapter, Version=10.0.0.0, Culture=neutral, PublicKeyToken=b03f5f7f11d50a3a" className="Test.NewtonFramework.StatisticsTest, Test.NewtonFramework, Version=1.0.0.0, Culture=neutral, PublicKeyToken=null" name="StatisticsPercentileTrimTest2" />
    </UnitTest>
    <UnitTest name="StatisticsChebysheffRatioTest4" storage="c:\users\dlepelley\documents\code\newton framework\test.newtonframework\test.newtonframework\bin\release\test.newtonframework.dll" id="560a73d2-43e0-8ff5-1c67-88b6eedd67fa">
      <Execution id="8ab15ed6-a71a-484e-8171-c1bf925f4430" />
      <TestMethod codeBase="C:/Users/dlepelley/Documents/Code/Newton Framework/Test.NewtonFramework/Test.NewtonFramework/bin/Release/Test.NewtonFramework.DLL" adapterTypeName="Microsoft.VisualStudio.TestTools.TestTypes.Unit.UnitTestAdapter, Microsoft.VisualStudio.QualityTools.Tips.UnitTest.Adapter, Version=10.0.0.0, Culture=neutral, PublicKeyToken=b03f5f7f11d50a3a" className="Test.NewtonFramework.StatisticsTest, Test.NewtonFramework, Version=1.0.0.0, Culture=neutral, PublicKeyToken=null" name="StatisticsChebysheffRatioTest4" />
    </UnitTest>
    <UnitTest name="StatisticsMedianTest3" storage="c:\users\dlepelley\documents\code\newton framework\test.newtonframework\test.newtonframework\bin\release\test.newtonframework.dll" id="071af663-d213-e66f-970c-d4c59d09ad55">
      <Execution id="284c15e8-ab2f-419f-aa2d-a71bd7570b81" />
      <TestMethod codeBase="C:/Users/dlepelley/Documents/Code/Newton Framework/Test.NewtonFramework/Test.NewtonFramework/bin/Release/Test.NewtonFramework.DLL" adapterTypeName="Microsoft.VisualStudio.TestTools.TestTypes.Unit.UnitTestAdapter, Microsoft.VisualStudio.QualityTools.Tips.UnitTest.Adapter, Version=10.0.0.0, Culture=neutral, PublicKeyToken=b03f5f7f11d50a3a" className="Test.NewtonFramework.StatisticsTest, Test.NewtonFramework, Version=1.0.0.0, Culture=neutral, PublicKeyToken=null" name="StatisticsMedianTest3" />
    </UnitTest>
    <UnitTest name="StatisticsPascalsTriangleTest1" storage="c:\users\dlepelley\documents\code\newton framework\test.newtonframework\test.newtonframework\bin\release\test.newtonframework.dll" id="2a163207-26e6-863b-cdaf-1dfbeda55db8">
      <Execution id="f96e9175-e042-4c81-a006-ff032db983fe" />
      <TestMethod codeBase="C:/Users/dlepelley/Documents/Code/Newton Framework/Test.NewtonFramework/Test.NewtonFramework/bin/Release/Test.NewtonFramework.DLL" adapterTypeName="Microsoft.VisualStudio.TestTools.TestTypes.Unit.UnitTestAdapter, Microsoft.VisualStudio.QualityTools.Tips.UnitTest.Adapter, Version=10.0.0.0, Culture=neutral, PublicKeyToken=b03f5f7f11d50a3a" className="Test.NewtonFramework.StatisticsTest, Test.NewtonFramework, Version=1.0.0.0, Culture=neutral, PublicKeyToken=null" name="StatisticsPascalsTriangleTest1" />
    </UnitTest>
    <UnitTest name="StatisticsMeanTest2" storage="c:\users\dlepelley\documents\code\newton framework\test.newtonframework\test.newtonframework\bin\release\test.newtonframework.dll" id="2102b3f2-cc6b-221a-24df-8225b8862dc1">
      <Execution id="47c2d582-7360-4df2-99ca-5eceb5854c32" />
      <TestMethod codeBase="C:/Users/dlepelley/Documents/Code/Newton Framework/Test.NewtonFramework/Test.NewtonFramework/bin/Release/Test.NewtonFramework.DLL" adapterTypeName="Microsoft.VisualStudio.TestTools.TestTypes.Unit.UnitTestAdapter, Microsoft.VisualStudio.QualityTools.Tips.UnitTest.Adapter, Version=10.0.0.0, Culture=neutral, PublicKeyToken=b03f5f7f11d50a3a" className="Test.NewtonFramework.StatisticsTest, Test.NewtonFramework, Version=1.0.0.0, Culture=neutral, PublicKeyToken=null" name="StatisticsMeanTest2" />
    </UnitTest>
    <UnitTest name="StatisticsPercentileTest1" storage="c:\users\dlepelley\documents\code\newton framework\test.newtonframework\test.newtonframework\bin\release\test.newtonframework.dll" id="0effd208-6dfe-9694-0538-a26544005ee7">
      <Execution id="5d0eb199-fec5-4549-8021-e838665273e2" />
      <TestMethod codeBase="C:/Users/dlepelley/Documents/Code/Newton Framework/Test.NewtonFramework/Test.NewtonFramework/bin/Release/Test.NewtonFramework.DLL" adapterTypeName="Microsoft.VisualStudio.TestTools.TestTypes.Unit.UnitTestAdapter, Microsoft.VisualStudio.QualityTools.Tips.UnitTest.Adapter, Version=10.0.0.0, Culture=neutral, PublicKeyToken=b03f5f7f11d50a3a" className="Test.NewtonFramework.StatisticsTest, Test.NewtonFramework, Version=1.0.0.0, Culture=neutral, PublicKeyToken=null" name="StatisticsPercentileTest1" />
    </UnitTest>
    <UnitTest name="StatisticsLowerControl3SigmaTest1" storage="c:\users\dlepelley\documents\code\newton framework\test.newtonframework\test.newtonframework\bin\release\test.newtonframework.dll" id="d7bdd346-512b-641b-efe6-3059f40a8cd8">
      <Execution id="9f4d114b-d08d-4446-ad66-4415d3f1412e" />
      <TestMethod codeBase="C:/Users/dlepelley/Documents/Code/Newton Framework/Test.NewtonFramework/Test.NewtonFramework/bin/Release/Test.NewtonFramework.DLL" adapterTypeName="Microsoft.VisualStudio.TestTools.TestTypes.Unit.UnitTestAdapter, Microsoft.VisualStudio.QualityTools.Tips.UnitTest.Adapter, Version=10.0.0.0, Culture=neutral, PublicKeyToken=b03f5f7f11d50a3a" className="Test.NewtonFramework.StatisticsTest, Test.NewtonFramework, Version=1.0.0.0, Culture=neutral, PublicKeyToken=null" name="StatisticsLowerControl3SigmaTest1" />
    </UnitTest>
    <UnitTest name="StatisticsPoissonProbabilityTest4" storage="c:\users\dlepelley\documents\code\newton framework\test.newtonframework\test.newtonframework\bin\release\test.newtonframework.dll" id="8fd28c34-9870-309c-571a-f0ad83e3f49a">
      <Execution id="fb3d8409-5d91-4b18-a362-eb5dde4f94e5" />
      <TestMethod codeBase="C:/Users/dlepelley/Documents/Code/Newton Framework/Test.NewtonFramework/Test.NewtonFramework/bin/Release/Test.NewtonFramework.DLL" adapterTypeName="Microsoft.VisualStudio.TestTools.TestTypes.Unit.UnitTestAdapter, Microsoft.VisualStudio.QualityTools.Tips.UnitTest.Adapter, Version=10.0.0.0, Culture=neutral, PublicKeyToken=b03f5f7f11d50a3a" className="Test.NewtonFramework.StatisticsTest, Test.NewtonFramework, Version=1.0.0.0, Culture=neutral, PublicKeyToken=null" name="StatisticsPoissonProbabilityTest4" />
    </UnitTest>
    <UnitTest name="StatisticsMeanTest3" storage="c:\users\dlepelley\documents\code\newton framework\test.newtonframework\test.newtonframework\bin\release\test.newtonframework.dll" id="7f33271b-a0c2-db6c-22c1-c0ae51c9ed6d">
      <Execution id="f6844fc9-bc1e-4cba-b1ee-da8b8793d4d2" />
      <TestMethod codeBase="C:/Users/dlepelley/Documents/Code/Newton Framework/Test.NewtonFramework/Test.NewtonFramework/bin/Release/Test.NewtonFramework.DLL" adapterTypeName="Microsoft.VisualStudio.TestTools.TestTypes.Unit.UnitTestAdapter, Microsoft.VisualStudio.QualityTools.Tips.UnitTest.Adapter, Version=10.0.0.0, Culture=neutral, PublicKeyToken=b03f5f7f11d50a3a" className="Test.NewtonFramework.StatisticsTest, Test.NewtonFramework, Version=1.0.0.0, Culture=neutral, PublicKeyToken=null" name="StatisticsMeanTest3" />
    </UnitTest>
    <UnitTest name="StatisticsPoissonProbabilityTest5" storage="c:\users\dlepelley\documents\code\newton framework\test.newtonframework\test.newtonframework\bin\release\test.newtonframework.dll" id="c8079e25-c7c6-990d-7896-38001fd15438">
      <Execution id="5f7bd561-a85a-4ba7-9c09-177ffe1029d1" />
      <TestMethod codeBase="C:/Users/dlepelley/Documents/Code/Newton Framework/Test.NewtonFramework/Test.NewtonFramework/bin/Release/Test.NewtonFramework.DLL" adapterTypeName="Microsoft.VisualStudio.TestTools.TestTypes.Unit.UnitTestAdapter, Microsoft.VisualStudio.QualityTools.Tips.UnitTest.Adapter, Version=10.0.0.0, Culture=neutral, PublicKeyToken=b03f5f7f11d50a3a" className="Test.NewtonFramework.StatisticsTest, Test.NewtonFramework, Version=1.0.0.0, Culture=neutral, PublicKeyToken=null" name="StatisticsPoissonProbabilityTest5" />
    </UnitTest>
    <UnitTest name="PopulatorTest1" storage="c:\users\dlepelley\documents\code\newton framework\test.newtonframework\test.newtonframework\bin\release\test.newtonframework.dll" id="badc6ecf-6b81-3e7f-ba84-d18686f862dd">
      <Execution id="5d8384a0-a5c3-4bc3-91f4-db41af535f1b" />
      <TestMethod codeBase="C:/Users/dlepelley/Documents/Code/Newton Framework/Test.NewtonFramework/Test.NewtonFramework/bin/Release/Test.NewtonFramework.DLL" adapterTypeName="Microsoft.VisualStudio.TestTools.TestTypes.Unit.UnitTestAdapter, Microsoft.VisualStudio.QualityTools.Tips.UnitTest.Adapter, Version=10.0.0.0, Culture=neutral, PublicKeyToken=b03f5f7f11d50a3a" className="Test.NewtonFramework.PopulatorTest, Test.NewtonFramework, Version=1.0.0.0, Culture=neutral, PublicKeyToken=null" name="PopulatorTest1" />
    </UnitTest>
    <UnitTest name="StatisticsExponentialDistributionTest2" storage="c:\users\dlepelley\documents\code\newton framework\test.newtonframework\test.newtonframework\bin\release\test.newtonframework.dll" id="d4486191-a639-1630-21ce-ce79d5cb3326">
      <Execution id="661051f0-d3ee-4cb2-8dbe-ade24d24916b" />
      <TestMethod codeBase="C:/Users/dlepelley/Documents/Code/Newton Framework/Test.NewtonFramework/Test.NewtonFramework/bin/Release/Test.NewtonFramework.DLL" adapterTypeName="Microsoft.VisualStudio.TestTools.TestTypes.Unit.UnitTestAdapter, Microsoft.VisualStudio.QualityTools.Tips.UnitTest.Adapter, Version=10.0.0.0, Culture=neutral, PublicKeyToken=b03f5f7f11d50a3a" className="Test.NewtonFramework.StatisticsTest, Test.NewtonFramework, Version=1.0.0.0, Culture=neutral, PublicKeyToken=null" name="StatisticsExponentialDistributionTest2" />
    </UnitTest>
    <UnitTest name="StatisticsCyhelskySkewTest3" storage="c:\users\dlepelley\documents\code\newton framework\test.newtonframework\test.newtonframework\bin\release\test.newtonframework.dll" id="2393a279-11f3-8e59-cca3-5cccc9a7765c">
      <Execution id="9a0e1eef-916a-4725-8854-6812b45ec7f1" />
      <TestMethod codeBase="C:/Users/dlepelley/Documents/Code/Newton Framework/Test.NewtonFramework/Test.NewtonFramework/bin/Release/Test.NewtonFramework.DLL" adapterTypeName="Microsoft.VisualStudio.TestTools.TestTypes.Unit.UnitTestAdapter, Microsoft.VisualStudio.QualityTools.Tips.UnitTest.Adapter, Version=10.0.0.0, Culture=neutral, PublicKeyToken=b03f5f7f11d50a3a" className="Test.NewtonFramework.StatisticsTest, Test.NewtonFramework, Version=1.0.0.0, Culture=neutral, PublicKeyToken=null" name="StatisticsCyhelskySkewTest3" />
    </UnitTest>
    <UnitTest name="StatisticsUpperQuartileTest1" storage="c:\users\dlepelley\documents\code\newton framework\test.newtonframework\test.newtonframework\bin\release\test.newtonframework.dll" id="5209e77c-05e5-d9b3-9b6a-c67aac15aba8">
      <Execution id="421870b8-465f-455d-8359-4ed3232b6961" />
      <TestMethod codeBase="C:/Users/dlepelley/Documents/Code/Newton Framework/Test.NewtonFramework/Test.NewtonFramework/bin/Release/Test.NewtonFramework.DLL" adapterTypeName="Microsoft.VisualStudio.TestTools.TestTypes.Unit.UnitTestAdapter, Microsoft.VisualStudio.QualityTools.Tips.UnitTest.Adapter, Version=10.0.0.0, Culture=neutral, PublicKeyToken=b03f5f7f11d50a3a" className="Test.NewtonFramework.StatisticsTest, Test.NewtonFramework, Version=1.0.0.0, Culture=neutral, PublicKeyToken=null" name="StatisticsUpperQuartileTest1" />
    </UnitTest>
    <UnitTest name="StatisticsCyhelskySkewTest2" storage="c:\users\dlepelley\documents\code\newton framework\test.newtonframework\test.newtonframework\bin\release\test.newtonframework.dll" id="75296183-6464-e423-525e-34eeaacc24b1">
      <Execution id="a57d636f-c4cc-4562-acbb-de71bd51b5e6" />
      <TestMethod codeBase="C:/Users/dlepelley/Documents/Code/Newton Framework/Test.NewtonFramework/Test.NewtonFramework/bin/Release/Test.NewtonFramework.DLL" adapterTypeName="Microsoft.VisualStudio.TestTools.TestTypes.Unit.UnitTestAdapter, Microsoft.VisualStudio.QualityTools.Tips.UnitTest.Adapter, Version=10.0.0.0, Culture=neutral, PublicKeyToken=b03f5f7f11d50a3a" className="Test.NewtonFramework.StatisticsTest, Test.NewtonFramework, Version=1.0.0.0, Culture=neutral, PublicKeyToken=null" name="StatisticsCyhelskySkewTest2" />
    </UnitTest>
    <UnitTest name="StatisticsMedianTest4" storage="c:\users\dlepelley\documents\code\newton framework\test.newtonframework\test.newtonframework\bin\release\test.newtonframework.dll" id="62301300-fec2-ac58-f02c-80e85ed9628e">
      <Execution id="5d258dbe-4502-48ff-9605-29d8b6f872cd" />
      <TestMethod codeBase="C:/Users/dlepelley/Documents/Code/Newton Framework/Test.NewtonFramework/Test.NewtonFramework/bin/Release/Test.NewtonFramework.DLL" adapterTypeName="Microsoft.VisualStudio.TestTools.TestTypes.Unit.UnitTestAdapter, Microsoft.VisualStudio.QualityTools.Tips.UnitTest.Adapter, Version=10.0.0.0, Culture=neutral, PublicKeyToken=b03f5f7f11d50a3a" className="Test.NewtonFramework.StatisticsTest, Test.NewtonFramework, Version=1.0.0.0, Culture=neutral, PublicKeyToken=null" name="StatisticsMedianTest4" />
    </UnitTest>
    <UnitTest name="StatisticsPoissonProbabilityTest3" storage="c:\users\dlepelley\documents\code\newton framework\test.newtonframework\test.newtonframework\bin\release\test.newtonframework.dll" id="0624068f-5953-e441-9bc4-7442ebf913d6">
      <Execution id="737b889e-dbea-4e44-92c2-d90a45da309f" />
      <TestMethod codeBase="C:/Users/dlepelley/Documents/Code/Newton Framework/Test.NewtonFramework/Test.NewtonFramework/bin/Release/Test.NewtonFramework.DLL" adapterTypeName="Microsoft.VisualStudio.TestTools.TestTypes.Unit.UnitTestAdapter, Microsoft.VisualStudio.QualityTools.Tips.UnitTest.Adapter, Version=10.0.0.0, Culture=neutral, PublicKeyToken=b03f5f7f11d50a3a" className="Test.NewtonFramework.StatisticsTest, Test.NewtonFramework, Version=1.0.0.0, Culture=neutral, PublicKeyToken=null" name="StatisticsPoissonProbabilityTest3" />
    </UnitTest>
    <UnitTest name="StatisticsPoissonProbabilityTest6" storage="c:\users\dlepelley\documents\code\newton framework\test.newtonframework\test.newtonframework\bin\release\test.newtonframework.dll" id="19b583a8-b159-bbfa-7f80-3919fe1d8b2a">
      <Execution id="154d7d5d-07c2-4328-877f-9b96bb34cde2" />
      <TestMethod codeBase="C:/Users/dlepelley/Documents/Code/Newton Framework/Test.NewtonFramework/Test.NewtonFramework/bin/Release/Test.NewtonFramework.DLL" adapterTypeName="Microsoft.VisualStudio.TestTools.TestTypes.Unit.UnitTestAdapter, Microsoft.VisualStudio.QualityTools.Tips.UnitTest.Adapter, Version=10.0.0.0, Culture=neutral, PublicKeyToken=b03f5f7f11d50a3a" className="Test.NewtonFramework.StatisticsTest, Test.NewtonFramework, Version=1.0.0.0, Culture=neutral, PublicKeyToken=null" name="StatisticsPoissonProbabilityTest6" />
    </UnitTest>
    <UnitTest name="StatisticsCyhelskySkewTest1" storage="c:\users\dlepelley\documents\code\newton framework\test.newtonframework\test.newtonframework\bin\release\test.newtonframework.dll" id="65415a8e-be3c-758e-b719-149bcba4e2c9">
      <Execution id="0aa18e13-d35b-4ca0-81b7-5176e304d43c" />
      <TestMethod codeBase="C:/Users/dlepelley/Documents/Code/Newton Framework/Test.NewtonFramework/Test.NewtonFramework/bin/Release/Test.NewtonFramework.DLL" adapterTypeName="Microsoft.VisualStudio.TestTools.TestTypes.Unit.UnitTestAdapter, Microsoft.VisualStudio.QualityTools.Tips.UnitTest.Adapter, Version=10.0.0.0, Culture=neutral, PublicKeyToken=b03f5f7f11d50a3a" className="Test.NewtonFramework.StatisticsTest, Test.NewtonFramework, Version=1.0.0.0, Culture=neutral, PublicKeyToken=null" name="StatisticsCyhelskySkewTest1" />
    </UnitTest>
    <UnitTest name="StatisticsChebysheffRatioTest1" storage="c:\users\dlepelley\documents\code\newton framework\test.newtonframework\test.newtonframework\bin\release\test.newtonframework.dll" id="dfd7860b-9b07-5f5a-fdb0-0f043cd4f6e2">
      <Execution id="896bf732-f657-4bba-a45d-95f5efb99df4" />
      <TestMethod codeBase="C:/Users/dlepelley/Documents/Code/Newton Framework/Test.NewtonFramework/Test.NewtonFramework/bin/Release/Test.NewtonFramework.DLL" adapterTypeName="Microsoft.VisualStudio.TestTools.TestTypes.Unit.UnitTestAdapter, Microsoft.VisualStudio.QualityTools.Tips.UnitTest.Adapter, Version=10.0.0.0, Culture=neutral, PublicKeyToken=b03f5f7f11d50a3a" className="Test.NewtonFramework.StatisticsTest, Test.NewtonFramework, Version=1.0.0.0, Culture=neutral, PublicKeyToken=null" name="StatisticsChebysheffRatioTest1" />
    </UnitTest>
  </TestDefinitions>
  <TestLists>
    <TestList name="Results Not in a List" id="8c84fa94-04c1-424b-9868-57a2d4851a1d" />
    <TestList name="All Loaded Results" id="19431567-8539-422a-85d7-44ee4e166bda" />
  </TestLists>
  <TestEntries>
    <TestEntry testId="783adf65-abbf-bc7e-08cb-16ba15ca9520" executionId="da111b36-0704-42f3-919a-232d98973526" testListId="8c84fa94-04c1-424b-9868-57a2d4851a1d" />
    <TestEntry testId="7a1e47ca-ef09-abc7-6ab4-44a5f53dde98" executionId="988b7446-7eb6-4230-8aed-ea5a645458d6" testListId="8c84fa94-04c1-424b-9868-57a2d4851a1d" />
    <TestEntry testId="5b9a0eb2-2d9b-c339-0dfa-9c6620c11d9a" executionId="5ecc9b69-0ba7-4b76-a170-82166c8aa5cf" testListId="8c84fa94-04c1-424b-9868-57a2d4851a1d" />
    <TestEntry testId="5209e77c-05e5-d9b3-9b6a-c67aac15aba8" executionId="421870b8-465f-455d-8359-4ed3232b6961" testListId="8c84fa94-04c1-424b-9868-57a2d4851a1d" />
    <TestEntry testId="5c310277-b3dc-735a-aa6d-7b768f6ee3d4" executionId="af3ae16d-a210-42d5-8c7a-64c4662a4159" testListId="8c84fa94-04c1-424b-9868-57a2d4851a1d" />
    <TestEntry testId="d3497b38-7973-13ae-70b4-7fb61cf6c2c3" executionId="18537a43-81f1-46ae-9e21-a5d3df019c76" testListId="8c84fa94-04c1-424b-9868-57a2d4851a1d" />
    <TestEntry testId="19b583a8-b159-bbfa-7f80-3919fe1d8b2a" executionId="154d7d5d-07c2-4328-877f-9b96bb34cde2" testListId="8c84fa94-04c1-424b-9868-57a2d4851a1d" />
    <TestEntry testId="c8079e25-c7c6-990d-7896-38001fd15438" executionId="5f7bd561-a85a-4ba7-9c09-177ffe1029d1" testListId="8c84fa94-04c1-424b-9868-57a2d4851a1d" />
    <TestEntry testId="8fd28c34-9870-309c-571a-f0ad83e3f49a" executionId="fb3d8409-5d91-4b18-a362-eb5dde4f94e5" testListId="8c84fa94-04c1-424b-9868-57a2d4851a1d" />
    <TestEntry testId="0624068f-5953-e441-9bc4-7442ebf913d6" executionId="737b889e-dbea-4e44-92c2-d90a45da309f" testListId="8c84fa94-04c1-424b-9868-57a2d4851a1d" />
    <TestEntry testId="9dab9a8a-c40e-6be4-1b38-db0c5db5f22d" executionId="c6726dd3-face-4bcd-b6a1-f73d0547e23d" testListId="8c84fa94-04c1-424b-9868-57a2d4851a1d" />
    <TestEntry testId="cc749050-4588-f92d-8f56-a21b35c23f35" executionId="999d49c5-fc25-4d54-b8b8-78921d7b60db" testListId="8c84fa94-04c1-424b-9868-57a2d4851a1d" />
    <TestEntry testId="041c6717-acfb-2db3-8f83-edd0f5d07dd1" executionId="74db43f8-f86a-469f-948e-49c33b4da1b6" testListId="8c84fa94-04c1-424b-9868-57a2d4851a1d" />
    <TestEntry testId="dd897b1a-7a9b-5849-581c-9af754aedd88" executionId="388a689a-df24-4a75-933b-6d7051027b67" testListId="8c84fa94-04c1-424b-9868-57a2d4851a1d" />
    <TestEntry testId="67cfafae-6c55-2c46-5a76-f8ba73b5c9b7" executionId="28e6b706-f58a-4e6d-9800-659571a78fd8" testListId="8c84fa94-04c1-424b-9868-57a2d4851a1d" />
    <TestEntry testId="0effd208-6dfe-9694-0538-a26544005ee7" executionId="5d0eb199-fec5-4549-8021-e838665273e2" testListId="8c84fa94-04c1-424b-9868-57a2d4851a1d" />
    <TestEntry testId="2a163207-26e6-863b-cdaf-1dfbeda55db8" executionId="f96e9175-e042-4c81-a006-ff032db983fe" testListId="8c84fa94-04c1-424b-9868-57a2d4851a1d" />
    <TestEntry testId="7b0ed38c-e427-af57-36bf-200cfbdc69a6" executionId="219ee679-40f3-4008-8f2e-0ba629936fab" testListId="8c84fa94-04c1-424b-9868-57a2d4851a1d" />
    <TestEntry testId="82e1e8c4-8981-5c13-5b87-22183332d326" executionId="58473d36-69f8-4b6c-9ddf-78484458d8ee" testListId="8c84fa94-04c1-424b-9868-57a2d4851a1d" />
    <TestEntry testId="926fca82-ec44-de40-9e03-39b909fa2370" executionId="124f4ba1-3eb0-426a-8adc-ce0110921e59" testListId="8c84fa94-04c1-424b-9868-57a2d4851a1d" />
    <TestEntry testId="62301300-fec2-ac58-f02c-80e85ed9628e" executionId="5d258dbe-4502-48ff-9605-29d8b6f872cd" testListId="8c84fa94-04c1-424b-9868-57a2d4851a1d" />
    <TestEntry testId="071af663-d213-e66f-970c-d4c59d09ad55" executionId="284c15e8-ab2f-419f-aa2d-a71bd7570b81" testListId="8c84fa94-04c1-424b-9868-57a2d4851a1d" />
    <TestEntry testId="2cfe729b-358c-9bca-8ad2-bfc8aa33f6c3" executionId="a0112e8c-34d5-41ec-ba99-a1d5f82f27aa" testListId="8c84fa94-04c1-424b-9868-57a2d4851a1d" />
    <TestEntry testId="b3e776b3-4958-6637-5ade-9799124b5d3f" executionId="1725b57d-2933-491f-8fcd-c3e78bc463ba" testListId="8c84fa94-04c1-424b-9868-57a2d4851a1d" />
    <TestEntry testId="7f33271b-a0c2-db6c-22c1-c0ae51c9ed6d" executionId="f6844fc9-bc1e-4cba-b1ee-da8b8793d4d2" testListId="8c84fa94-04c1-424b-9868-57a2d4851a1d" />
    <TestEntry testId="2102b3f2-cc6b-221a-24df-8225b8862dc1" executionId="47c2d582-7360-4df2-99ca-5eceb5854c32" testListId="8c84fa94-04c1-424b-9868-57a2d4851a1d" />
    <TestEntry testId="7dc5aa2a-f587-b4b0-b5dd-0232934ab41a" executionId="94ba7307-86cc-4d75-b9aa-c157b04c5751" testListId="8c84fa94-04c1-424b-9868-57a2d4851a1d" />
    <TestEntry testId="99e87fb8-14a5-bdd8-804f-d36f07d49ff7" executionId="3946882e-7299-48d9-bbc4-47901ba885f6" testListId="8c84fa94-04c1-424b-9868-57a2d4851a1d" />
    <TestEntry testId="ff56e7ed-42a7-219f-3d04-58682c94e982" executionId="73aa389d-f6ac-49e3-83bb-affad2f81f3c" testListId="8c84fa94-04c1-424b-9868-57a2d4851a1d" />
    <TestEntry testId="d7bdd346-512b-641b-efe6-3059f40a8cd8" executionId="9f4d114b-d08d-4446-ad66-4415d3f1412e" testListId="8c84fa94-04c1-424b-9868-57a2d4851a1d" />
    <TestEntry testId="d4486191-a639-1630-21ce-ce79d5cb3326" executionId="661051f0-d3ee-4cb2-8dbe-ade24d24916b" testListId="8c84fa94-04c1-424b-9868-57a2d4851a1d" />
    <TestEntry testId="f5e3a2cc-0da9-a31a-3515-29c4ae3fc0ea" executionId="8455f673-9eb4-433b-b20d-0109ea26b4af" testListId="8c84fa94-04c1-424b-9868-57a2d4851a1d" />
    <TestEntry testId="01588bce-19c0-0e14-e55b-6a9dd8607ed4" executionId="b5e4f52b-de8f-4bd5-9949-f39bb8bc98b2" testListId="8c84fa94-04c1-424b-9868-57a2d4851a1d" />
    <TestEntry testId="2393a279-11f3-8e59-cca3-5cccc9a7765c" executionId="9a0e1eef-916a-4725-8854-6812b45ec7f1" testListId="8c84fa94-04c1-424b-9868-57a2d4851a1d" />
    <TestEntry testId="75296183-6464-e423-525e-34eeaacc24b1" executionId="a57d636f-c4cc-4562-acbb-de71bd51b5e6" testListId="8c84fa94-04c1-424b-9868-57a2d4851a1d" />
    <TestEntry testId="65415a8e-be3c-758e-b719-149bcba4e2c9" executionId="0aa18e13-d35b-4ca0-81b7-5176e304d43c" testListId="8c84fa94-04c1-424b-9868-57a2d4851a1d" />
    <TestEntry testId="560a73d2-43e0-8ff5-1c67-88b6eedd67fa" executionId="8ab15ed6-a71a-484e-8171-c1bf925f4430" testListId="8c84fa94-04c1-424b-9868-57a2d4851a1d" />
    <TestEntry testId="f040dc20-d1ab-e501-0cdd-c49be3f67d73" executionId="0143de16-6b2c-4b1f-a5de-f0840b686bb3" testListId="8c84fa94-04c1-424b-9868-57a2d4851a1d" />
    <TestEntry testId="519b3c1b-8284-89ce-2bae-272f72108bd5" executionId="8eac2da3-a994-4d9f-96e2-50c358c3871f" testListId="8c84fa94-04c1-424b-9868-57a2d4851a1d" />
    <TestEntry testId="dfd7860b-9b07-5f5a-fdb0-0f043cd4f6e2" executionId="896bf732-f657-4bba-a45d-95f5efb99df4" testListId="8c84fa94-04c1-424b-9868-57a2d4851a1d" />
    <TestEntry testId="3f466c80-e5c6-b559-cae0-d7580d9b5f8b" executionId="f1c703d8-cc6b-42fb-9302-4654514f02d3" testListId="8c84fa94-04c1-424b-9868-57a2d4851a1d" />
    <TestEntry testId="5d62fbc6-ccf7-3ab9-81af-9267fe431730" executionId="88ebdf29-7f9a-4a12-b112-b07150daaf07" testListId="8c84fa94-04c1-424b-9868-57a2d4851a1d" />
    <TestEntry testId="aa2d1779-bcda-f75a-8d16-bdf94d08d579" executionId="d3051402-f8a4-4260-a437-b85eb216edff" testListId="8c84fa94-04c1-424b-9868-57a2d4851a1d" />
    <TestEntry testId="badc6ecf-6b81-3e7f-ba84-d18686f862dd" executionId="5d8384a0-a5c3-4bc3-91f4-db41af535f1b" testListId="8c84fa94-04c1-424b-9868-57a2d4851a1d" />
    <TestEntry testId="6abc2210-ddd4-034b-b2ff-4ecc00cadd20" executionId="09ee889a-1f76-42f1-ad34-8b0236953385" testListId="8c84fa94-04c1-424b-9868-57a2d4851a1d" />
    <TestEntry testId="e55ca91a-0935-016d-7e90-50c5811bc777" executionId="b3d8368f-8248-42e3-a49c-fb1bf5daea3a" testListId="8c84fa94-04c1-424b-9868-57a2d4851a1d" />
    <TestEntry testId="3a9a2ce8-1433-7d7d-25b4-39d859d81dab" executionId="62281ea4-5649-4e8e-aa8d-0454a38c3987" testListId="8c84fa94-04c1-424b-9868-57a2d4851a1d" />
  </TestEntries>
  <Results>
    <UnitTestResult executionId="da111b36-0704-42f3-919a-232d98973526" testId="783adf65-abbf-bc7e-08cb-16ba15ca9520" testName="StatisticsVarianceTest2" computerName="DLEPELLEY-VE" duration="00:00:00.0938539" startTime="2013-07-12T17:04:24.6464100+01:00" endTime="2013-07-12T17:04:26.7095280+01:00" testType="13cdc9d9-ddb5-4fa4-a97d-d965ccfc6d4b" outcome="Passed" testListId="8c84fa94-04c1-424b-9868-57a2d4851a1d" relativeResultsDirectory="da111b36-0704-42f3-919a-232d98973526">
    </UnitTestResult>
    <UnitTestResult executionId="988b7446-7eb6-4230-8aed-ea5a645458d6" testId="7a1e47ca-ef09-abc7-6ab4-44a5f53dde98" testName="StatisticsVarianceTest1" computerName="DLEPELLEY-VE" duration="00:00:00.0005024" startTime="2013-07-12T17:04:26.7365296+01:00" endTime="2013-07-12T17:04:26.7435300+01:00" testType="13cdc9d9-ddb5-4fa4-a97d-d965ccfc6d4b" outcome="Passed" testListId="8c84fa94-04c1-424b-9868-57a2d4851a1d" relativeResultsDirectory="988b7446-7eb6-4230-8aed-ea5a645458d6">
    </UnitTestResult>
    <UnitTestResult executionId="5ecc9b69-0ba7-4b76-a170-82166c8aa5cf" testId="5b9a0eb2-2d9b-c339-0dfa-9c6620c11d9a" testName="StatisticsUpperQuartileTest2" computerName="DLEPELLEY-VE" duration="00:00:00.0419654" startTime="2013-07-12T17:04:26.7545306+01:00" endTime="2013-07-12T17:04:26.8025334+01:00" testType="13cdc9d9-ddb5-4fa4-a97d-d965ccfc6d4b" outcome="Passed" testListId="8c84fa94-04c1-424b-9868-57a2d4851a1d" relativeResultsDirectory="5ecc9b69-0ba7-4b76-a170-82166c8aa5cf">
    </UnitTestResult>
    <UnitTestResult executionId="421870b8-465f-455d-8359-4ed3232b6961" testId="5209e77c-05e5-d9b3-9b6a-c67aac15aba8" testName="StatisticsUpperQuartileTest1" computerName="DLEPELLEY-VE" duration="00:00:00.0003010" startTime="2013-07-12T17:04:26.8745375+01:00" endTime="2013-07-12T17:04:26.8805378+01:00" testType="13cdc9d9-ddb5-4fa4-a97d-d965ccfc6d4b" outcome="Passed" testListId="8c84fa94-04c1-424b-9868-57a2d4851a1d" relativeResultsDirectory="421870b8-465f-455d-8359-4ed3232b6961">
    </UnitTestResult>
    <UnitTestResult executionId="af3ae16d-a210-42d5-8c7a-64c4662a4159" testId="5c310277-b3dc-735a-aa6d-7b768f6ee3d4" testName="StatisticsUpperControl3SigmaTest1" computerName="DLEPELLEY-VE" duration="00:00:00.0005828" startTime="2013-07-12T17:04:26.8895383+01:00" endTime="2013-07-12T17:04:26.8945386+01:00" testType="13cdc9d9-ddb5-4fa4-a97d-d965ccfc6d4b" outcome="Passed" testListId="8c84fa94-04c1-424b-9868-57a2d4851a1d" relativeResultsDirectory="af3ae16d-a210-42d5-8c7a-64c4662a4159">
    </UnitTestResult>
    <UnitTestResult executionId="18537a43-81f1-46ae-9e21-a5d3df019c76" testId="d3497b38-7973-13ae-70b4-7fb61cf6c2c3" testName="StatisticsSummaryTest1" computerName="DLEPELLEY-VE" duration="00:00:00.0104289" startTime="2013-07-12T17:04:26.9245403+01:00" endTime="2013-07-12T17:04:26.9395412+01:00" testType="13cdc9d9-ddb5-4fa4-a97d-d965ccfc6d4b" outcome="Passed" testListId="8c84fa94-04c1-424b-9868-57a2d4851a1d" relativeResultsDirectory="18537a43-81f1-46ae-9e21-a5d3df019c76">
    </UnitTestResult>
    <UnitTestResult executionId="154d7d5d-07c2-4328-877f-9b96bb34cde2" testId="19b583a8-b159-bbfa-7f80-3919fe1d8b2a" testName="StatisticsPoissonProbabilityTest6" computerName="DLEPELLEY-VE" duration="00:00:00.0008223" startTime="2013-07-12T17:04:26.9505418+01:00" endTime="2013-07-12T17:04:26.9565422+01:00" testType="13cdc9d9-ddb5-4fa4-a97d-d965ccfc6d4b" outcome="Passed" testListId="8c84fa94-04c1-424b-9868-57a2d4851a1d" relativeResultsDirectory="154d7d5d-07c2-4328-877f-9b96bb34cde2">
    </UnitTestResult>
    <UnitTestResult executionId="5f7bd561-a85a-4ba7-9c09-177ffe1029d1" testId="c8079e25-c7c6-990d-7896-38001fd15438" testName="StatisticsPoissonProbabilityTest5" computerName="DLEPELLEY-VE" duration="00:00:00.0002322" startTime="2013-07-12T17:04:26.9715430+01:00" endTime="2013-07-12T17:04:26.9765433+01:00" testType="13cdc9d9-ddb5-4fa4-a97d-d965ccfc6d4b" outcome="Passed" testListId="8c84fa94-04c1-424b-9868-57a2d4851a1d" relativeResultsDirectory="5f7bd561-a85a-4ba7-9c09-177ffe1029d1">
    </UnitTestResult>
    <UnitTestResult executionId="fb3d8409-5d91-4b18-a362-eb5dde4f94e5" testId="8fd28c34-9870-309c-571a-f0ad83e3f49a" testName="StatisticsPoissonProbabilityTest4" computerName="DLEPELLEY-VE" duration="00:00:00.0002407" startTime="2013-07-12T17:04:26.9895440+01:00" endTime="2013-07-12T17:04:26.9945443+01:00" testType="13cdc9d9-ddb5-4fa4-a97d-d965ccfc6d4b" outcome="Passed" testListId="8c84fa94-04c1-424b-9868-57a2d4851a1d" relativeResultsDirectory="fb3d8409-5d91-4b18-a362-eb5dde4f94e5">
    </UnitTestResult>
    <UnitTestResult executionId="737b889e-dbea-4e44-92c2-d90a45da309f" testId="0624068f-5953-e441-9bc4-7442ebf913d6" testName="StatisticsPoissonProbabilityTest3" computerName="DLEPELLEY-VE" duration="00:00:00.0003066" startTime="2013-07-12T17:04:26.9975445+01:00" endTime="2013-07-12T17:04:27.0045449+01:00" testType="13cdc9d9-ddb5-4fa4-a97d-d965ccfc6d4b" outcome="Passed" testListId="8c84fa94-04c1-424b-9868-57a2d4851a1d" relativeResultsDirectory="737b889e-dbea-4e44-92c2-d90a45da309f">
    </UnitTestResult>
    <UnitTestResult executionId="c6726dd3-face-4bcd-b6a1-f73d0547e23d" testId="9dab9a8a-c40e-6be4-1b38-db0c5db5f22d" testName="StatisticsPoissonProbabilityTest2" computerName="DLEPELLEY-VE" duration="00:00:00.0002599" startTime="2013-07-12T17:04:27.0195458+01:00" endTime="2013-07-12T17:04:27.0255461+01:00" testType="13cdc9d9-ddb5-4fa4-a97d-d965ccfc6d4b" outcome="Passed" testListId="8c84fa94-04c1-424b-9868-57a2d4851a1d" relativeResultsDirectory="c6726dd3-face-4bcd-b6a1-f73d0547e23d">
    </UnitTestResult>
    <UnitTestResult executionId="999d49c5-fc25-4d54-b8b8-78921d7b60db" testId="cc749050-4588-f92d-8f56-a21b35c23f35" testName="StatisticsPoissonProbabilityTest1" computerName="DLEPELLEY-VE" duration="00:00:00.0002381" startTime="2013-07-12T17:04:27.0365467+01:00" endTime="2013-07-12T17:04:27.0415470+01:00" testType="13cdc9d9-ddb5-4fa4-a97d-d965ccfc6d4b" outcome="Passed" testListId="8c84fa94-04c1-424b-9868-57a2d4851a1d" relativeResultsDirectory="999d49c5-fc25-4d54-b8b8-78921d7b60db">
    </UnitTestResult>
    <UnitTestResult executionId="74db43f8-f86a-469f-948e-49c33b4da1b6" testId="041c6717-acfb-2db3-8f83-edd0f5d07dd1" testName="StatisticsPercentileTrimTest2" computerName="DLEPELLEY-VE" duration="00:00:00.0009613" startTime="2013-07-12T17:04:27.0545478+01:00" endTime="2013-07-12T17:04:27.0595481+01:00" testType="13cdc9d9-ddb5-4fa4-a97d-d965ccfc6d4b" outcome="Passed" testListId="8c84fa94-04c1-424b-9868-57a2d4851a1d" relativeResultsDirectory="74db43f8-f86a-469f-948e-49c33b4da1b6">
    </UnitTestResult>
    <UnitTestResult executionId="388a689a-df24-4a75-933b-6d7051027b67" testId="dd897b1a-7a9b-5849-581c-9af754aedd88" testName="StatisticsPercentileTrimTest1" computerName="DLEPELLEY-VE" duration="00:00:00.0003164" startTime="2013-07-12T17:04:27.0715487+01:00" endTime="2013-07-12T17:04:27.0765490+01:00" testType="13cdc9d9-ddb5-4fa4-a97d-d965ccfc6d4b" outcome="Passed" testListId="8c84fa94-04c1-424b-9868-57a2d4851a1d" relativeResultsDirectory="388a689a-df24-4a75-933b-6d7051027b67">
    </UnitTestResult>
    <UnitTestResult executionId="28e6b706-f58a-4e6d-9800-659571a78fd8" testId="67cfafae-6c55-2c46-5a76-f8ba73b5c9b7" testName="StatisticsPercentileTest2" computerName="DLEPELLEY-VE" duration="00:00:00.0003925" startTime="2013-07-12T17:04:27.0815493+01:00" endTime="2013-07-12T17:04:27.0885497+01:00" testType="13cdc9d9-ddb5-4fa4-a97d-d965ccfc6d4b" outcome="Passed" testListId="8c84fa94-04c1-424b-9868-57a2d4851a1d" relativeResultsDirectory="28e6b706-f58a-4e6d-9800-659571a78fd8">
    </UnitTestResult>
    <UnitTestResult executionId="5d0eb199-fec5-4549-8021-e838665273e2" testId="0effd208-6dfe-9694-0538-a26544005ee7" testName="StatisticsPercentileTest1" computerName="DLEPELLEY-VE" duration="00:00:00.0002493" startTime="2013-07-12T17:04:27.0985503+01:00" endTime="2013-07-12T17:04:27.1035506+01:00" testType="13cdc9d9-ddb5-4fa4-a97d-d965ccfc6d4b" outcome="Passed" testListId="8c84fa94-04c1-424b-9868-57a2d4851a1d" relativeResultsDirectory="5d0eb199-fec5-4549-8021-e838665273e2">
    </UnitTestResult>
    <UnitTestResult executionId="f96e9175-e042-4c81-a006-ff032db983fe" testId="2a163207-26e6-863b-cdaf-1dfbeda55db8" testName="StatisticsPascalsTriangleTest1" computerName="DLEPELLEY-VE" duration="00:00:00.0387317" startTime="2013-07-12T17:04:27.1155513+01:00" endTime="2013-07-12T17:04:27.1605538+01:00" testType="13cdc9d9-ddb5-4fa4-a97d-d965ccfc6d4b" outcome="Passed" testListId="8c84fa94-04c1-424b-9868-57a2d4851a1d" relativeResultsDirectory="f96e9175-e042-4c81-a006-ff032db983fe">
    </UnitTestResult>
    <UnitTestResult executionId="219ee679-40f3-4008-8f2e-0ba629936fab" testId="7b0ed38c-e427-af57-36bf-200cfbdc69a6" testName="StatisticsOutcomeTest2" computerName="DLEPELLEY-VE" duration="00:00:00.0012234" startTime="2013-07-12T17:04:27.1835551+01:00" endTime="2013-07-12T17:04:27.1915556+01:00" testType="13cdc9d9-ddb5-4fa4-a97d-d965ccfc6d4b" outcome="Passed" testListId="8c84fa94-04c1-424b-9868-57a2d4851a1d" relativeResultsDirectory="219ee679-40f3-4008-8f2e-0ba629936fab">
    </UnitTestResult>
    <UnitTestResult executionId="58473d36-69f8-4b6c-9ddf-78484458d8ee" testId="82e1e8c4-8981-5c13-5b87-22183332d326" testName="StatisticsOutcomeTest1" computerName="DLEPELLEY-VE" duration="00:00:00.0002830" startTime="2013-07-12T17:04:27.2175571+01:00" endTime="2013-07-12T17:04:27.2285577+01:00" testType="13cdc9d9-ddb5-4fa4-a97d-d965ccfc6d4b" outcome="Passed" testListId="8c84fa94-04c1-424b-9868-57a2d4851a1d" relativeResultsDirectory="58473d36-69f8-4b6c-9ddf-78484458d8ee">
    </UnitTestResult>
    <UnitTestResult executionId="124f4ba1-3eb0-426a-8adc-ce0110921e59" testId="926fca82-ec44-de40-9e03-39b909fa2370" testName="StatisticsNormalDistributionTest1" computerName="DLEPELLEY-VE" duration="00:00:00.0003840" startTime="2013-07-12T17:04:27.2545592+01:00" endTime="2013-07-12T17:04:27.3515648+01:00" testType="13cdc9d9-ddb5-4fa4-a97d-d965ccfc6d4b" outcome="Passed" testListId="8c84fa94-04c1-424b-9868-57a2d4851a1d" relativeResultsDirectory="124f4ba1-3eb0-426a-8adc-ce0110921e59">
    </UnitTestResult>
    <UnitTestResult executionId="5d258dbe-4502-48ff-9605-29d8b6f872cd" testId="62301300-fec2-ac58-f02c-80e85ed9628e" testName="StatisticsMedianTest4" computerName="DLEPELLEY-VE" duration="00:00:00.0003515" startTime="2013-07-12T17:04:27.3665656+01:00" endTime="2013-07-12T17:04:27.3735660+01:00" testType="13cdc9d9-ddb5-4fa4-a97d-d965ccfc6d4b" outcome="Passed" testListId="8c84fa94-04c1-424b-9868-57a2d4851a1d" relativeResultsDirectory="5d258dbe-4502-48ff-9605-29d8b6f872cd">
    </UnitTestResult>
    <UnitTestResult executionId="284c15e8-ab2f-419f-aa2d-a71bd7570b81" testId="071af663-d213-e66f-970c-d4c59d09ad55" testName="StatisticsMedianTest3" computerName="DLEPELLEY-VE" duration="00:00:00.0003373" startTime="2013-07-12T17:04:27.3915670+01:00" endTime="2013-07-12T17:04:27.3985674+01:00" testType="13cdc9d9-ddb5-4fa4-a97d-d965ccfc6d4b" outcome="Passed" testListId="8c84fa94-04c1-424b-9868-57a2d4851a1d" relativeResultsDirectory="284c15e8-ab2f-419f-aa2d-a71bd7570b81">
    </UnitTestResult>
    <UnitTestResult executionId="a0112e8c-34d5-41ec-ba99-a1d5f82f27aa" testId="2cfe729b-358c-9bca-8ad2-bfc8aa33f6c3" testName="StatisticsMedianTest2" computerName="DLEPELLEY-VE" duration="00:00:00.0002920" startTime="2013-07-12T17:04:27.4115682+01:00" endTime="2013-07-12T17:04:27.4175685+01:00" testType="13cdc9d9-ddb5-4fa4-a97d-d965ccfc6d4b" outcome="Passed" testListId="8c84fa94-04c1-424b-9868-57a2d4851a1d" relativeResultsDirectory="a0112e8c-34d5-41ec-ba99-a1d5f82f27aa">
    </UnitTestResult>
    <UnitTestResult executionId="1725b57d-2933-491f-8fcd-c3e78bc463ba" testId="b3e776b3-4958-6637-5ade-9799124b5d3f" testName="StatisticsMedianTest1" computerName="DLEPELLEY-VE" duration="00:00:00.0002989" startTime="2013-07-12T17:04:27.4295692+01:00" endTime="2013-07-12T17:04:27.4355696+01:00" testType="13cdc9d9-ddb5-4fa4-a97d-d965ccfc6d4b" outcome="Passed" testListId="8c84fa94-04c1-424b-9868-57a2d4851a1d" relativeResultsDirectory="1725b57d-2933-491f-8fcd-c3e78bc463ba">
    </UnitTestResult>
    <UnitTestResult executionId="f6844fc9-bc1e-4cba-b1ee-da8b8793d4d2" testId="7f33271b-a0c2-db6c-22c1-c0ae51c9ed6d" testName="StatisticsMeanTest3" computerName="DLEPELLEY-VE" duration="00:00:00.0004819" startTime="2013-07-12T17:04:27.4485703+01:00" endTime="2013-07-12T17:04:27.4545706+01:00" testType="13cdc9d9-ddb5-4fa4-a97d-d965ccfc6d4b" outcome="Passed" testListId="8c84fa94-04c1-424b-9868-57a2d4851a1d" relativeResultsDirectory="f6844fc9-bc1e-4cba-b1ee-da8b8793d4d2">
    </UnitTestResult>
    <UnitTestResult executionId="47c2d582-7360-4df2-99ca-5eceb5854c32" testId="2102b3f2-cc6b-221a-24df-8225b8862dc1" testName="StatisticsMeanTest2" computerName="DLEPELLEY-VE" duration="00:00:00.0002800" startTime="2013-07-12T17:04:27.4685714+01:00" endTime="2013-07-12T17:04:27.4735717+01:00" testType="13cdc9d9-ddb5-4fa4-a97d-d965ccfc6d4b" outcome="Passed" testListId="8c84fa94-04c1-424b-9868-57a2d4851a1d" relativeResultsDirectory="47c2d582-7360-4df2-99ca-5eceb5854c32">
    </UnitTestResult>
    <UnitTestResult executionId="94ba7307-86cc-4d75-b9aa-c157b04c5751" testId="7dc5aa2a-f587-b4b0-b5dd-0232934ab41a" testName="StatisticsMeanTest1" computerName="DLEPELLEY-VE" duration="00:00:00.0002805" startTime="2013-07-12T17:04:27.4865725+01:00" endTime="2013-07-12T17:04:27.4915728+01:00" testType="13cdc9d9-ddb5-4fa4-a97d-d965ccfc6d4b" outcome="Passed" testListId="8c84fa94-04c1-424b-9868-57a2d4851a1d" relativeResultsDirectory="94ba7307-86cc-4d75-b9aa-c157b04c5751">
    </UnitTestResult>
    <UnitTestResult executionId="3946882e-7299-48d9-bbc4-47901ba885f6" testId="99e87fb8-14a5-bdd8-804f-d36f07d49ff7" testName="StatisticsLowerQuartileTest2" computerName="DLEPELLEY-VE" duration="00:00:00.0003288" startTime="2013-07-12T17:04:27.5055736+01:00" endTime="2013-07-12T17:04:27.5115739+01:00" testType="13cdc9d9-ddb5-4fa4-a97d-d965ccfc6d4b" outcome="Passed" testListId="8c84fa94-04c1-424b-9868-57a2d4851a1d" relativeResultsDirectory="3946882e-7299-48d9-bbc4-47901ba885f6">
    </UnitTestResult>
    <UnitTestResult executionId="73aa389d-f6ac-49e3-83bb-affad2f81f3c" testId="ff56e7ed-42a7-219f-3d04-58682c94e982" testName="StatisticsLowerQuartileTest1" computerName="DLEPELLEY-VE" duration="00:00:00.0002552" startTime="2013-07-12T17:04:27.5245746+01:00" endTime="2013-07-12T17:04:27.5295749+01:00" testType="13cdc9d9-ddb5-4fa4-a97d-d965ccfc6d4b" outcome="Passed" testListId="8c84fa94-04c1-424b-9868-57a2d4851a1d" relativeResultsDirectory="73aa389d-f6ac-49e3-83bb-affad2f81f3c">
    </UnitTestResult>
    <UnitTestResult executionId="9f4d114b-d08d-4446-ad66-4415d3f1412e" testId="d7bdd346-512b-641b-efe6-3059f40a8cd8" testName="StatisticsLowerControl3SigmaTest1" computerName="DLEPELLEY-VE" duration="00:00:00.0003805" startTime="2013-07-12T17:04:27.5425757+01:00" endTime="2013-07-12T17:04:27.5655770+01:00" testType="13cdc9d9-ddb5-4fa4-a97d-d965ccfc6d4b" outcome="Passed" testListId="8c84fa94-04c1-424b-9868-57a2d4851a1d" relativeResultsDirectory="9f4d114b-d08d-4446-ad66-4415d3f1412e">
    </UnitTestResult>
    <UnitTestResult executionId="661051f0-d3ee-4cb2-8dbe-ade24d24916b" testId="d4486191-a639-1630-21ce-ce79d5cb3326" testName="StatisticsExponentialDistributionTest2" computerName="DLEPELLEY-VE" duration="00:00:00.0003224" startTime="2013-07-12T17:04:27.5765776+01:00" endTime="2013-07-12T17:04:27.5825780+01:00" testType="13cdc9d9-ddb5-4fa4-a97d-d965ccfc6d4b" outcome="Passed" testListId="8c84fa94-04c1-424b-9868-57a2d4851a1d" relativeResultsDirectory="661051f0-d3ee-4cb2-8dbe-ade24d24916b">
    </UnitTestResult>
    <UnitTestResult executionId="8455f673-9eb4-433b-b20d-0109ea26b4af" testId="f5e3a2cc-0da9-a31a-3515-29c4ae3fc0ea" testName="StatisticsExponentialDistributionTest1" computerName="DLEPELLEY-VE" duration="00:00:00.0002706" startTime="2013-07-12T17:04:27.5895784+01:00" endTime="2013-07-12T17:04:27.5945787+01:00" testType="13cdc9d9-ddb5-4fa4-a97d-d965ccfc6d4b" outcome="Passed" testListId="8c84fa94-04c1-424b-9868-57a2d4851a1d" relativeResultsDirectory="8455f673-9eb4-433b-b20d-0109ea26b4af">
    </UnitTestResult>
    <UnitTestResult executionId="b5e4f52b-de8f-4bd5-9949-f39bb8bc98b2" testId="01588bce-19c0-0e14-e55b-6a9dd8607ed4" testName="StatisticsEstimateStandardErrorTest1" computerName="DLEPELLEY-VE" duration="00:00:00.0006829" startTime="2013-07-12T17:04:27.6075794+01:00" endTime="2013-07-12T17:04:27.6145798+01:00" testType="13cdc9d9-ddb5-4fa4-a97d-d965ccfc6d4b" outcome="Passed" testListId="8c84fa94-04c1-424b-9868-57a2d4851a1d" relativeResultsDirectory="b5e4f52b-de8f-4bd5-9949-f39bb8bc98b2">
    </UnitTestResult>
    <UnitTestResult executionId="9a0e1eef-916a-4725-8854-6812b45ec7f1" testId="2393a279-11f3-8e59-cca3-5cccc9a7765c" testName="StatisticsCyhelskySkewTest3" computerName="DLEPELLEY-VE" duration="00:00:00.0002510" startTime="2013-07-12T17:04:27.6265805+01:00" endTime="2013-07-12T17:04:27.6335809+01:00" testType="13cdc9d9-ddb5-4fa4-a97d-d965ccfc6d4b" outcome="Passed" testListId="8c84fa94-04c1-424b-9868-57a2d4851a1d" relativeResultsDirectory="9a0e1eef-916a-4725-8854-6812b45ec7f1">
    </UnitTestResult>
    <UnitTestResult executionId="a57d636f-c4cc-4562-acbb-de71bd51b5e6" testId="75296183-6464-e423-525e-34eeaacc24b1" testName="StatisticsCyhelskySkewTest2" computerName="DLEPELLEY-VE" duration="00:00:00.0003267" startTime="2013-07-12T17:04:27.6465816+01:00" endTime="2013-07-12T17:04:27.6525820+01:00" testType="13cdc9d9-ddb5-4fa4-a97d-d965ccfc6d4b" outcome="Passed" testListId="8c84fa94-04c1-424b-9868-57a2d4851a1d" relativeResultsDirectory="a57d636f-c4cc-4562-acbb-de71bd51b5e6">
    </UnitTestResult>
    <UnitTestResult executionId="0aa18e13-d35b-4ca0-81b7-5176e304d43c" testId="65415a8e-be3c-758e-b719-149bcba4e2c9" testName="StatisticsCyhelskySkewTest1" computerName="DLEPELLEY-VE" duration="00:00:00.0002403" startTime="2013-07-12T17:04:27.6655827+01:00" endTime="2013-07-12T17:04:27.6705830+01:00" testType="13cdc9d9-ddb5-4fa4-a97d-d965ccfc6d4b" outcome="Passed" testListId="8c84fa94-04c1-424b-9868-57a2d4851a1d" relativeResultsDirectory="0aa18e13-d35b-4ca0-81b7-5176e304d43c">
    </UnitTestResult>
    <UnitTestResult executionId="8ab15ed6-a71a-484e-8171-c1bf925f4430" testId="560a73d2-43e0-8ff5-1c67-88b6eedd67fa" testName="StatisticsChebysheffRatioTest4" computerName="DLEPELLEY-VE" duration="00:00:00.0006555" startTime="2013-07-12T17:04:27.6835837+01:00" endTime="2013-07-12T17:04:27.6905841+01:00" testType="13cdc9d9-ddb5-4fa4-a97d-d965ccfc6d4b" outcome="Passed" testListId="8c84fa94-04c1-424b-9868-57a2d4851a1d" relativeResultsDirectory="8ab15ed6-a71a-484e-8171-c1bf925f4430">
    </UnitTestResult>
    <UnitTestResult executionId="0143de16-6b2c-4b1f-a5de-f0840b686bb3" testId="f040dc20-d1ab-e501-0cdd-c49be3f67d73" testName="StatisticsChebysheffRatioTest3" computerName="DLEPELLEY-VE" duration="00:00:00.0003237" startTime="2013-07-12T17:04:27.6995847+01:00" endTime="2013-07-12T17:04:27.7055850+01:00" testType="13cdc9d9-ddb5-4fa4-a97d-d965ccfc6d4b" outcome="Passed" testListId="8c84fa94-04c1-424b-9868-57a2d4851a1d" relativeResultsDirectory="0143de16-6b2c-4b1f-a5de-f0840b686bb3">
    </UnitTestResult>
    <UnitTestResult executionId="8eac2da3-a994-4d9f-96e2-50c358c3871f" testId="519b3c1b-8284-89ce-2bae-272f72108bd5" testName="StatisticsChebysheffRatioTest2" computerName="DLEPELLEY-VE" duration="00:00:00.0003172" startTime="2013-07-12T17:04:27.7175857+01:00" endTime="2013-07-12T17:04:27.7235860+01:00" testType="13cdc9d9-ddb5-4fa4-a97d-d965ccfc6d4b" outcome="Passed" testListId="8c84fa94-04c1-424b-9868-57a2d4851a1d" relativeResultsDirectory="8eac2da3-a994-4d9f-96e2-50c358c3871f">
    </UnitTestResult>
    <UnitTestResult executionId="896bf732-f657-4bba-a45d-95f5efb99df4" testId="dfd7860b-9b07-5f5a-fdb0-0f043cd4f6e2" testName="StatisticsChebysheffRatioTest1" computerName="DLEPELLEY-VE" duration="00:00:00.0002287" startTime="2013-07-12T17:04:27.7335866+01:00" endTime="2013-07-12T17:04:27.7405870+01:00" testType="13cdc9d9-ddb5-4fa4-a97d-d965ccfc6d4b" outcome="Passed" testListId="8c84fa94-04c1-424b-9868-57a2d4851a1d" relativeResultsDirectory="896bf732-f657-4bba-a45d-95f5efb99df4">
    </UnitTestResult>
    <UnitTestResult executionId="f1c703d8-cc6b-42fb-9302-4654514f02d3" testId="3f466c80-e5c6-b559-cae0-d7580d9b5f8b" testName="StatisticsBiNomialTest3" computerName="DLEPELLEY-VE" duration="00:00:00.0004904" startTime="2013-07-12T17:04:27.7545878+01:00" endTime="2013-07-12T17:04:27.7595881+01:00" testType="13cdc9d9-ddb5-4fa4-a97d-d965ccfc6d4b" outcome="Passed" testListId="8c84fa94-04c1-424b-9868-57a2d4851a1d" relativeResultsDirectory="f1c703d8-cc6b-42fb-9302-4654514f02d3">
    </UnitTestResult>
    <UnitTestResult executionId="88ebdf29-7f9a-4a12-b112-b07150daaf07" testId="5d62fbc6-ccf7-3ab9-81af-9267fe431730" testName="StatisticsBiNomialTest2" computerName="DLEPELLEY-VE" duration="00:00:00.0003284" startTime="2013-07-12T17:04:27.7655884+01:00" endTime="2013-07-12T17:04:27.7755890+01:00" testType="13cdc9d9-ddb5-4fa4-a97d-d965ccfc6d4b" outcome="Passed" testListId="8c84fa94-04c1-424b-9868-57a2d4851a1d" relativeResultsDirectory="88ebdf29-7f9a-4a12-b112-b07150daaf07">
    </UnitTestResult>
    <UnitTestResult executionId="d3051402-f8a4-4260-a437-b85eb216edff" testId="aa2d1779-bcda-f75a-8d16-bdf94d08d579" testName="StatisticsBiNomialTest1" computerName="DLEPELLEY-VE" duration="00:00:00.0002202" startTime="2013-07-12T17:04:27.7865896+01:00" endTime="2013-07-12T17:04:27.7905899+01:00" testType="13cdc9d9-ddb5-4fa4-a97d-d965ccfc6d4b" outcome="Passed" testListId="8c84fa94-04c1-424b-9868-57a2d4851a1d" relativeResultsDirectory="d3051402-f8a4-4260-a437-b85eb216edff">
    </UnitTestResult>
    <UnitTestResult executionId="5d8384a0-a5c3-4bc3-91f4-db41af535f1b" testId="badc6ecf-6b81-3e7f-ba84-d18686f862dd" testName="PopulatorTest1" computerName="DLEPELLEY-VE" duration="00:00:00.0189822" startTime="2013-07-12T17:04:27.8005904+01:00" endTime="2013-07-12T17:04:27.8255919+01:00" testType="13cdc9d9-ddb5-4fa4-a97d-d965ccfc6d4b" outcome="Passed" testListId="8c84fa94-04c1-424b-9868-57a2d4851a1d" relativeResultsDirectory="5d8384a0-a5c3-4bc3-91f4-db41af535f1b">
    </UnitTestResult>
    <UnitTestResult executionId="09ee889a-1f76-42f1-ad34-8b0236953385" testId="6abc2210-ddd4-034b-b2ff-4ecc00cadd20" testName="MortTest1" computerName="DLEPELLEY-VE" duration="00:00:00.0003938" startTime="2013-07-12T17:04:27.8395927+01:00" endTime="2013-07-12T17:04:27.8455930+01:00" testType="13cdc9d9-ddb5-4fa4-a97d-d965ccfc6d4b" outcome="Passed" testListId="8c84fa94-04c1-424b-9868-57a2d4851a1d" relativeResultsDirectory="09ee889a-1f76-42f1-ad34-8b0236953385">
    </UnitTestResult>
    <UnitTestResult executionId="b3d8368f-8248-42e3-a49c-fb1bf5daea3a" testId="e55ca91a-0935-016d-7e90-50c5811bc777" testName="MockRepositoryTest2" computerName="DLEPELLEY-VE" duration="00:00:00.0466120" startTime="2013-07-12T17:04:27.8565936+01:00" endTime="2013-07-12T17:04:27.9085966+01:00" testType="13cdc9d9-ddb5-4fa4-a97d-d965ccfc6d4b" outcome="Passed" testListId="8c84fa94-04c1-424b-9868-57a2d4851a1d" relativeResultsDirectory="b3d8368f-8248-42e3-a49c-fb1bf5daea3a">
    </UnitTestResult>
    <UnitTestResult executionId="62281ea4-5649-4e8e-aa8d-0454a38c3987" testId="3a9a2ce8-1433-7d7d-25b4-39d859d81dab" testName="MockRepositoryTest1" computerName="DLEPELLEY-VE" duration="00:00:00.0009441" startTime="2013-07-12T17:04:27.9235975+01:00" endTime="2013-07-12T17:04:27.9285978+01:00" testType="13cdc9d9-ddb5-4fa4-a97d-d965ccfc6d4b" outcome="Passed" testListId="8c84fa94-04c1-424b-9868-57a2d4851a1d" relativeResultsDirectory="62281ea4-5649-4e8e-aa8d-0454a38c3987">
    </UnitTestResult>
  </Results>
</TestRun>